Archive member included to satisfy reference by file (symbol)

/opt/homebrew/Cellar/avr-gcc@9/9.4.0/lib/avr-gcc/9/gcc/avr/9.4.0/avr5/libgcc.a(_udivmodqi4.o)
                              obj/TestAndMeasurement.o (__udivmodqi4)
/opt/homebrew/Cellar/avr-gcc@9/9.4.0/lib/avr-gcc/9/gcc/avr/9.4.0/avr5/libgcc.a(_exit.o)
                              /opt/homebrew/Cellar/avr-gcc@9/9.4.0/lib/avr-gcc/9/gcc/avr/9.4.0/../../../../../../avr/lib/avr5/crtatmega32u4.o (exit)
/opt/homebrew/Cellar/avr-gcc@9/9.4.0/lib/avr-gcc/9/gcc/avr/9.4.0/avr5/libgcc.a(_copy_data.o)
                              obj/TestAndMeasurement.o (__do_copy_data)
/opt/homebrew/Cellar/avr-gcc@9/9.4.0/lib/avr-gcc/9/gcc/avr/9.4.0/avr5/libgcc.a(_clear_bss.o)
                              obj/TestAndMeasurement.o (__do_clear_bss)
/opt/homebrew/Cellar/avr-gcc@9/9.4.0/lib/avr-gcc/9/gcc/avr/9.4.0/../../../../../../avr/lib/avr5/libc.a(memcpy_P.o)
                              obj/RNDISClassDevice.o (memcpy_P)
/opt/homebrew/Cellar/avr-gcc@9/9.4.0/lib/avr-gcc/9/gcc/avr/9.4.0/../../../../../../avr/lib/avr5/libc.a(strlen_P.o)
                              obj/CDCClassDevice.o (__strlen_P)
/opt/homebrew/Cellar/avr-gcc@9/9.4.0/lib/avr-gcc/9/gcc/avr/9.4.0/../../../../../../avr/lib/avr5/libc.a(memcmp.o)
                              obj/HIDClassDevice.o (memcmp)
/opt/homebrew/Cellar/avr-gcc@9/9.4.0/lib/avr-gcc/9/gcc/avr/9.4.0/../../../../../../avr/lib/avr5/libc.a(memcpy.o)
                              obj/TestAndMeasurement.o (memcpy)
/opt/homebrew/Cellar/avr-gcc@9/9.4.0/lib/avr-gcc/9/gcc/avr/9.4.0/../../../../../../avr/lib/avr5/libc.a(memset.o)
                              obj/HIDClassDevice.o (memset)
/opt/homebrew/Cellar/avr-gcc@9/9.4.0/lib/avr-gcc/9/gcc/avr/9.4.0/../../../../../../avr/lib/avr5/libatmega32u4.a(eerd_byte.o)
                              obj/TestAndMeasurement.o (eeprom_read_byte)
/opt/homebrew/Cellar/avr-gcc@9/9.4.0/lib/avr-gcc/9/gcc/avr/9.4.0/../../../../../../avr/lib/avr5/libatmega32u4.a(eeupd_byte.o)
                              obj/EndpointStream_AVR8.o (eeprom_update_byte)
/opt/homebrew/Cellar/avr-gcc@9/9.4.0/lib/avr-gcc/9/gcc/avr/9.4.0/../../../../../../avr/lib/avr5/libatmega32u4.a(eewr_byte.o)
                              obj/TestAndMeasurement.o (eeprom_write_byte)

Allocating common symbols
Common symbol       size              file

tmc_serial_string   0x66              obj/Descriptors.o
USB_IsInitialized   0x1               obj/USBTask.o
USB_DeviceState     0x1               obj/USBTask.o
timeout_val         0x4               obj/TestAndMeasurement.o
USB_Device_ConfigurationNumber
                    0x1               obj/DeviceStandardReq.o
USB_Device_CurrentlySelfPowered
                    0x1               obj/DeviceStandardReq.o
USB_ControlRequest  0x8               obj/USBTask.o
TMC_eom             0x1               obj/TestAndMeasurement.o
USB_Device_RemoteWakeupEnabled
                    0x1               obj/DeviceStandardReq.o

Discarded input sections

 .data          0x0000000000000000        0x0 /opt/homebrew/Cellar/avr-gcc@9/9.4.0/lib/avr-gcc/9/gcc/avr/9.4.0/../../../../../../avr/lib/avr5/crtatmega32u4.o
 .bss           0x0000000000000000        0x0 /opt/homebrew/Cellar/avr-gcc@9/9.4.0/lib/avr-gcc/9/gcc/avr/9.4.0/../../../../../../avr/lib/avr5/crtatmega32u4.o
 .text          0x0000000000000000        0x0 obj/TestAndMeasurement.o
 .text.timeout_start
                0x0000000000000000       0x12 obj/TestAndMeasurement.o
 .text          0x0000000000000000        0x0 obj/Descriptors.o
 .data          0x0000000000000000        0x0 obj/Descriptors.o
 .bss           0x0000000000000000        0x0 obj/Descriptors.o
 .text          0x0000000000000000        0x0 obj/gpib.o
 .data          0x0000000000000000        0x0 obj/gpib.o
 .text          0x0000000000000000        0x0 obj/HIDParser.o
 .data          0x0000000000000000        0x0 obj/HIDParser.o
 .bss           0x0000000000000000        0x0 obj/HIDParser.o
 .text.USB_ProcessHIDReport
                0x0000000000000000      0x6cc obj/HIDParser.o
 .text.USB_GetHIDReportItemInfo
                0x0000000000000000       0xb6 obj/HIDParser.o
 .text.USB_SetHIDReportItemInfo
                0x0000000000000000       0xb8 obj/HIDParser.o
 .text.USB_GetHIDReportSize
                0x0000000000000000       0x56 obj/HIDParser.o
 .debug_info    0x0000000000000000      0x803 obj/HIDParser.o
 .debug_abbrev  0x0000000000000000      0x253 obj/HIDParser.o
 .debug_loc     0x0000000000000000      0xc77 obj/HIDParser.o
 .debug_aranges
                0x0000000000000000       0x38 obj/HIDParser.o
 .debug_ranges  0x0000000000000000      0x100 obj/HIDParser.o
 .debug_line    0x0000000000000000      0xe34 obj/HIDParser.o
 .debug_str     0x0000000000000000      0x6d6 obj/HIDParser.o
 .comment       0x0000000000000000       0x25 obj/HIDParser.o
 .debug_frame   0x0000000000000000      0x10c obj/HIDParser.o
 .text          0x0000000000000000        0x0 obj/Device_AVR8.o
[...]
Memory Configuration

Name             Origin             Length             Attributes
text             0x0000000000000000 0x0000000000020000 xr
data             0x0000000000800060 0x000000000000ffa0 rw !x
eeprom           0x0000000000810000 0x0000000000010000 rw !x
fuse             0x0000000000820000 0x0000000000000003 rw !x
lock             0x0000000000830000 0x0000000000000400 rw !x
signature        0x0000000000840000 0x0000000000000400 rw !x
user_signatures  0x0000000000850000 0x0000000000000400 rw !x
*default*        0x0000000000000000 0xffffffffffffffff

Linker script and memory map

Address of section .data set to 0x800100
LOAD /opt/homebrew/Cellar/avr-gcc@9/9.4.0/lib/avr-gcc/9/gcc/avr/9.4.0/../../../../../../avr/lib/avr5/crtatmega32u4.o
LOAD obj/TestAndMeasurement.o
LOAD obj/Descriptors.o
LOAD obj/gpib.o
LOAD obj/HIDParser.o
LOAD obj/Device_AVR8.o
LOAD obj/EndpointStream_AVR8.o
LOAD obj/Endpoint_AVR8.o
LOAD obj/Host_AVR8.o
LOAD obj/PipeStream_AVR8.o
LOAD obj/Pipe_AVR8.o
LOAD obj/USBController_AVR8.o
LOAD obj/USBInterrupt_AVR8.o
LOAD obj/ConfigDescriptors.o
LOAD obj/DeviceStandardReq.o
LOAD obj/Events.o
LOAD obj/HostStandardReq.o
LOAD obj/USBTask.o
LOAD obj/AudioClassDevice.o
LOAD obj/CCIDClassDevice.o
LOAD obj/CDCClassDevice.o
LOAD obj/HIDClassDevice.o
LOAD obj/MassStorageClassDevice.o
LOAD obj/MIDIClassDevice.o
LOAD obj/PrinterClassDevice.o
LOAD obj/RNDISClassDevice.o
LOAD obj/AndroidAccessoryClassHost.o
LOAD obj/AudioClassHost.o
LOAD obj/CDCClassHost.o
LOAD obj/HIDClassHost.o
LOAD obj/MassStorageClassHost.o
LOAD obj/MIDIClassHost.o
LOAD obj/PrinterClassHost.o
LOAD obj/RNDISClassHost.o
LOAD obj/StillImageClassHost.o
LOAD /opt/homebrew/Cellar/avr-gcc@9/9.4.0/lib/avr-gcc/9/gcc/avr/9.4.0/../../../../../../avr/lib/avr5/libm.a
START GROUP
LOAD /opt/homebrew/Cellar/avr-gcc@9/9.4.0/lib/avr-gcc/9/gcc/avr/9.4.0/avr5/libgcc.a
LOAD /opt/homebrew/Cellar/avr-gcc@9/9.4.0/lib/avr-gcc/9/gcc/avr/9.4.0/../../../../../../avr/lib/avr5/libm.a
LOAD /opt/homebrew/Cellar/avr-gcc@9/9.4.0/lib/avr-gcc/9/gcc/avr/9.4.0/../../../../../../avr/lib/avr5/libc.a
LOAD /opt/homebrew/Cellar/avr-gcc@9/9.4.0/lib/avr-gcc/9/gcc/avr/9.4.0/../../../../../../avr/lib/avr5/libatmega32u4.a
END GROUP
                0x0000000000020000                __TEXT_REGION_LENGTH__ = DEFINED (__TEXT_REGION_LENGTH__)?__TEXT_REGION_LENGTH__:0x20000
                0x000000000000ffa0                __DATA_REGION_LENGTH__ = DEFINED (__DATA_REGION_LENGTH__)?__DATA_REGION_LENGTH__:0xffa0
                0x0000000000010000                __EEPROM_REGION_LENGTH__ = DEFINED (__EEPROM_REGION_LENGTH__)?__EEPROM_REGION_LENGTH__:0x10000
                [0x0000000000000003]                __FUSE_REGION_LENGTH__ = DEFINED (__FUSE_REGION_LENGTH__)?__FUSE_REGION_LENGTH__:0x400
                0x0000000000000400                __LOCK_REGION_LENGTH__ = DEFINED (__LOCK_REGION_LENGTH__)?__LOCK_REGION_LENGTH__:0x400
                0x0000000000000400                __SIGNATURE_REGION_LENGTH__ = DEFINED (__SIGNATURE_REGION_LENGTH__)?__SIGNATURE_REGION_LENGTH__:0x400
                0x0000000000000400                __USER_SIGNATURE_REGION_LENGTH__ = DEFINED (__USER_SIGNATURE_REGION_LENGTH__)?__USER_SIGNATURE_REGION_LENGTH__:0x400

.hash
 *(.hash)

.dynsym
 *(.dynsym)

.dynstr
 *(.dynstr)

.gnu.version
 *(.gnu.version)

.gnu.version_d
 *(.gnu.version_d)

.gnu.version_r
 *(.gnu.version_r)

.rel.init
 *(.rel.init)

.rela.init
 *(.rela.init)

.rel.text
 *(.rel.text)
 *(.rel.text.*)
 *(.rel.gnu.linkonce.t*)

.rela.text
 *(.rela.text)
 *(.rela.text.*)
 *(.rela.gnu.linkonce.t*)

.rel.fini
 *(.rel.fini)

.rela.fini
 *(.rela.fini)

.rel.rodata
 *(.rel.rodata)
 *(.rel.rodata.*)
 *(.rel.gnu.linkonce.r*)

.rela.rodata
 *(.rela.rodata)
 *(.rela.rodata.*)
 *(.rela.gnu.linkonce.r*)

.rel.data
 *(.rel.data)
 *(.rel.data.*)
 *(.rel.gnu.linkonce.d*)

.rela.data
 *(.rela.data)
 *(.rela.data.*)
 *(.rela.gnu.linkonce.d*)

.rel.ctors
 *(.rel.ctors)

.rela.ctors
 *(.rela.ctors)

.rel.dtors
 *(.rel.dtors)

.rela.dtors
 *(.rela.dtors)

.rel.got
 *(.rel.got)

.rela.got
 *(.rela.got)

.rel.bss
 *(.rel.bss)

.rela.bss
 *(.rela.bss)

.rel.plt
 *(.rel.plt)

.rela.plt
 *(.rela.plt)

.text           0x0000000000000000     0x22c4
 *(.vectors)
 .vectors       0x0000000000000000       0xac /opt/homebrew/Cellar/avr-gcc@9/9.4.0/lib/avr-gcc/9/gcc/avr/9.4.0/../../../../../../avr/lib/avr5/crtatmega32u4.o
                0x0000000000000000                __vectors
                0x0000000000000000                __vector_default
 *(.vectors)
 *(.progmem.gcc*)
                0x00000000000000ac                . = ALIGN (0x2)
                0x00000000000000ac                __trampolines_start = .
 *(.trampolines)
 .trampolines   0x00000000000000ac        0x0 linker stubs
 *(.trampolines*)
                0x00000000000000ac                __trampolines_end = .
 *libprintf_flt.a:*(.progmem.data)
 *libc.a:*(.progmem.data)
 *(.progmem.*)
 .progmem.data  0x00000000000000ac       0x67 obj/Descriptors.o
                0x00000000000000ac                ProductString
                0x00000000000000be                ManufacturerString
                0x00000000000000d6                LanguageString
                0x00000000000000da                ConfigurationDescriptor
                0x0000000000000101                DeviceDescriptor
                0x0000000000000114                . = ALIGN (0x2)
 *fill*         0x0000000000000113        0x1 
 *(.lowtext)
 *(.lowtext*)
                0x0000000000000114                __ctors_start = .
 *(.ctors)
                0x0000000000000114                __ctors_end = .
                0x0000000000000114                __dtors_start = .
 *(.dtors)
                0x0000000000000114                __dtors_end = .
 SORT_BY_NAME(*)(.ctors)
 SORT_BY_NAME(*)(.dtors)
 *(.init0)
 .init0         0x0000000000000114        0x0 /opt/homebrew/Cellar/avr-gcc@9/9.4.0/lib/avr-gcc/9/gcc/avr/9.4.0/../../../../../../avr/lib/avr5/crtatmega32u4.o
                0x0000000000000114                __init
 *(.init0)
 *(.init1)
 *(.init1)
 *(.init2)
 .init2         0x0000000000000114        0xc /opt/homebrew/Cellar/avr-gcc@9/9.4.0/lib/avr-gcc/9/gcc/avr/9.4.0/../../../../../../avr/lib/avr5/crtatmega32u4.o
 *(.init2)
 *(.init3)
 *(.init3)
 *(.init4)
 .init4         0x0000000000000120       0x16 /opt/homebrew/Cellar/avr-gcc@9/9.4.0/lib/avr-gcc/9/gcc/avr/9.4.0/avr5/libgcc.a(_copy_data.o)
                0x0000000000000120                __do_copy_data
 .init4         0x0000000000000136       0x10 /opt/homebrew/Cellar/avr-gcc@9/9.4.0/lib/avr-gcc/9/gcc/avr/9.4.0/avr5/libgcc.a(_clear_bss.o)
                0x0000000000000136                __do_clear_bss
 *(.init4)
 *(.init5)
 *(.init5)
 *(.init6)
 *(.init6)
 *(.init7)
 *(.init7)
 *(.init8)
 *(.init8)
 *(.init9)
 .init9         0x0000000000000146        0x6 /opt/homebrew/Cellar/avr-gcc@9/9.4.0/lib/avr-gcc/9/gcc/avr/9.4.0/../../../../../../avr/lib/avr5/crtatmega32u4.o
 *(.init9)
 *(.text)
 .text          0x000000000000014c        0x2 /opt/homebrew/Cellar/avr-gcc@9/9.4.0/lib/avr-gcc/9/gcc/avr/9.4.0/../../../../../../avr/lib/avr5/crtatmega32u4.o
                0x000000000000014c                __vector_42
                0x000000000000014c                __vector_22
                0x000000000000014c                __vector_28
                0x000000000000014c                __vector_1
                0x000000000000014c                __vector_32
                0x000000000000014c                __vector_34
                0x000000000000014c                __vector_24
                0x000000000000014c                __vector_12
                0x000000000000014c                __bad_interrupt
                0x000000000000014c                __vector_6
                0x000000000000014c                __vector_31
                0x000000000000014c                __vector_35
                0x000000000000014c                __vector_39
                0x000000000000014c                __vector_3
                0x000000000000014c                __vector_30
                0x000000000000014c                __vector_25
                0x000000000000014c                __vector_13
                0x000000000000014c                __vector_17
                0x000000000000014c                __vector_19
                0x000000000000014c                __vector_7
                0x000000000000014c                __vector_41
                0x000000000000014c                __vector_27
                0x000000000000014c                __vector_5
                0x000000000000014c                __vector_33
                0x000000000000014c                __vector_37
                0x000000000000014c                __vector_4
                0x000000000000014c                __vector_9
                0x000000000000014c                __vector_2
                0x000000000000014c                __vector_21
                0x000000000000014c                __vector_15
                0x000000000000014c                __vector_36
                0x000000000000014c                __vector_29
                0x000000000000014c                __vector_40
                0x000000000000014c                __vector_8
                0x000000000000014c                __vector_26
                0x000000000000014c                __vector_14
                0x000000000000014c                __vector_16
                0x000000000000014c                __vector_18
                0x000000000000014c                __vector_20
                0x000000000000014c                __vector_38
                0x000000000000014e                . = ALIGN (0x2)
 *(.text.*)
 .text.TMC_SetInternalSerial
                0x000000000000014e       0xd6 obj/TestAndMeasurement.o
 .text.charToval
                0x0000000000000224       0x26 obj/TestAndMeasurement.o
 .text.is_timedout
                0x000000000000024a       0x3e obj/TestAndMeasurement.o
                0x000000000000024a                is_timedout
 .text.tmc_gpib_write_timedout
                0x0000000000000288       0x10 obj/TestAndMeasurement.o
                0x0000000000000288                tmc_gpib_write_timedout
 .text.tmc_gpib_read_timedout
                0x0000000000000298       0x10 obj/TestAndMeasurement.o
                0x0000000000000298                tmc_gpib_read_timedout
 .text.Jump_To_Bootloader
                0x00000000000002a8       0x46 obj/TestAndMeasurement.o
                0x00000000000002a8                Jump_To_Bootloader
 .text.findGpibdevice
                0x00000000000002ee       0x16 obj/TestAndMeasurement.o
                0x00000000000002ee                findGpibdevice
 .text.identifyGpibDevice
                0x0000000000000304      0x442 obj/TestAndMeasurement.o
                0x0000000000000304                identifyGpibDevice
 .text.check_bootloaderEntry
                0x0000000000000746        0x6 obj/TestAndMeasurement.o
                0x0000000000000746                check_bootloaderEntry
 .text.eeprom_update_if_changed
                0x000000000000074c       0x38 obj/TestAndMeasurement.o
                0x000000000000074c                eeprom_update_if_changed
 .text.SetupHardware
                0x0000000000000784       0x46 obj/TestAndMeasurement.o
                0x0000000000000784                SetupHardware
 .text.EVENT_USB_Device_Connect
                0x00000000000007ca        0x2 obj/TestAndMeasurement.o
                0x00000000000007ca                EVENT_USB_Device_Connect
 .text.EVENT_USB_Device_Disconnect
                0x00000000000007cc        0x2 obj/TestAndMeasurement.o
                0x00000000000007cc                EVENT_USB_Device_Disconnect
 .text.EVENT_USB_Device_ConfigurationChanged
                0x00000000000007ce       0x1e obj/TestAndMeasurement.o
                0x00000000000007ce                EVENT_USB_Device_ConfigurationChanged
 .text.EVENT_USB_Device_ControlRequest
                0x00000000000007ec      0x304 obj/TestAndMeasurement.o
                0x00000000000007ec                EVENT_USB_Device_ControlRequest
 .text.ProcessInternalCommand
                0x0000000000000af0       0x88 obj/TestAndMeasurement.o
                0x0000000000000af0                ProcessInternalCommand
 .text.ProcessSentMessage
                0x0000000000000b78       0x88 obj/TestAndMeasurement.o
                0x0000000000000b78                ProcessSentMessage
 .text.GetNextMessage
                0x0000000000000c00       0xc4 obj/TestAndMeasurement.o
                0x0000000000000c00                GetNextMessage
 .text.TMC_resetstates
                0x0000000000000cc4       0x1c obj/TestAndMeasurement.o
                0x0000000000000cc4                TMC_resetstates
 .text.ReadTMCHeader
                0x0000000000000ce0       0x64 obj/TestAndMeasurement.o
                0x0000000000000ce0                ReadTMCHeader
 .text.WriteTMCHeader
                0x0000000000000d44       0x60 obj/TestAndMeasurement.o
                0x0000000000000d44                WriteTMCHeader
 .text.TMC_Task
                0x0000000000000da4      0x390 obj/TestAndMeasurement.o
                0x0000000000000da4                TMC_Task
 .text.startup.main
                0x0000000000001134      0x1ae obj/TestAndMeasurement.o
                0x0000000000001134                main
 .text.CALLBACK_USB_GetDescriptor
                0x00000000000012e2       0x7e obj/Descriptors.o
                0x00000000000012e2                CALLBACK_USB_GetDescriptor
 .text.is_timedout
                0x0000000000001360       0x26 obj/gpib.o
 .text.__vector_23
                0x0000000000001386       0x5a obj/gpib.o
                0x0000000000001386                __vector_23
 .text.gpib_is_connected
                0x00000000000013e0        0xe obj/gpib.o
                0x00000000000013e0                gpib_is_connected
 .text.gpib_ren
                0x00000000000013ee        0xc obj/gpib.o
                0x00000000000013ee                gpib_ren
 .text.gpib_interface_clear
                0x00000000000013fa       0x28 obj/gpib.o
                0x00000000000013fa                gpib_interface_clear
 .text.gpib_init
                0x0000000000001422       0x50 obj/gpib.o
                0x0000000000001422                gpib_init
 .text.gpib_tx  0x0000000000001472       0x5a obj/gpib.o
 .text.gpib_cmd_TAG
                0x00000000000014cc       0x34 obj/gpib.o
 .text.gpib_cmd_LAG
                0x0000000000001500       0x34 obj/gpib.o
 .text.gpib_cmd_UNL
                0x0000000000001534        0x8 obj/gpib.o
 .text.gpib_trigger
                0x000000000000153c       0x32 obj/gpib.o
                0x000000000000153c                gpib_trigger
 .text.gpib_gotoLocal
                0x000000000000156e       0x30 obj/gpib.o
                0x000000000000156e                gpib_gotoLocal
 .text.gpib_localLockout
                0x000000000000159e       0x16 obj/gpib.o
                0x000000000000159e                gpib_localLockout
 .text.gpib_readdat
                0x00000000000015b4       0x9a obj/gpib.o
                0x00000000000015b4                gpib_readdat
 .text.gpib_readStatusByte
                0x000000000000164e       0x7c obj/gpib.o
                0x000000000000164e                gpib_readStatusByte
 .text.gpib_untalk_unlisten
                0x00000000000016ca       0x2c obj/gpib.o
                0x00000000000016ca                gpib_untalk_unlisten
 .text.gpib_make_talker
                0x00000000000016f6       0x3e obj/gpib.o
                0x00000000000016f6                gpib_make_talker
 .text.gpib_make_listener
                0x0000000000001734       0x48 obj/gpib.o
                0x0000000000001734                gpib_make_listener
 .text.gpib_writedat
                0x000000000000177c        0xc obj/gpib.o
                0x000000000000177c                gpib_writedat
 .text.gpib_set_readtermination
                0x0000000000001788       0x14 obj/gpib.o
                0x0000000000001788                gpib_set_readtermination
 .text.gpib_search
                0x000000000000179c       0xb8 obj/gpib.o
                0x000000000000179c                gpib_search
 .text.Endpoint_Write_Stream_LE
                0x0000000000001854       0x9a obj/EndpointStream_AVR8.o
                0x0000000000001854                Endpoint_Write_Stream_LE
 .text.Endpoint_Read_Stream_LE
                0x00000000000018ee       0x9a obj/EndpointStream_AVR8.o
                0x00000000000018ee                Endpoint_Read_Stream_LE
 .text.Endpoint_Write_Control_Stream_LE
                0x0000000000001988       0xb4 obj/EndpointStream_AVR8.o
                0x0000000000001988                Endpoint_Write_Control_Stream_LE
 .text.Endpoint_Write_Control_PStream_LE
                0x0000000000001a3c       0xb6 obj/EndpointStream_AVR8.o
                0x0000000000001a3c                Endpoint_Write_Control_PStream_LE
 .text.Endpoint_Write_Control_EStream_LE
                0x0000000000001af2       0xd6 obj/EndpointStream_AVR8.o
                0x0000000000001af2                Endpoint_Write_Control_EStream_LE
 .text.Endpoint_ConfigureEndpoint_Prv
                0x0000000000001bc8       0x68 obj/Endpoint_AVR8.o
                0x0000000000001bc8                Endpoint_ConfigureEndpoint_Prv
 .text.Endpoint_ClearStatusStage
                0x0000000000001c30       0x3e obj/Endpoint_AVR8.o
                0x0000000000001c30                Endpoint_ClearStatusStage
 .text.Endpoint_WaitUntilReady
                0x0000000000001c6e       0x62 obj/Endpoint_AVR8.o
                0x0000000000001c6e                Endpoint_WaitUntilReady
 .text.USB_Disable
                0x0000000000001cd0       0x30 obj/USBController_AVR8.o
                0x0000000000001cd0                USB_Disable
 .text.USB_ResetInterface
                0x0000000000001d00       0x80 obj/USBController_AVR8.o
                0x0000000000001d00                USB_ResetInterface
 .text.USB_Init
                0x0000000000001d80       0x20 obj/USBController_AVR8.o
                0x0000000000001d80                USB_Init
 .text.USB_INT_DisableAllInterrupts
                0x0000000000001da0       0x10 obj/USBInterrupt_AVR8.o
                0x0000000000001da0                USB_INT_DisableAllInterrupts
 .text.USB_INT_ClearAllInterrupts
                0x0000000000001db0        0xa obj/USBInterrupt_AVR8.o
                0x0000000000001db0                USB_INT_ClearAllInterrupts
 .text.__vector_10
                0x0000000000001dba      0x19c obj/USBInterrupt_AVR8.o
                0x0000000000001dba                __vector_10
 .text.__vector_11
                0x0000000000001f56       0x86 obj/USBInterrupt_AVR8.o
                0x0000000000001f56                __vector_11
 .text.USB_Device_ProcessControlRequest
                0x0000000000001fdc      0x258 obj/DeviceStandardReq.o
                0x0000000000001fdc                USB_Device_ProcessControlRequest
 .text.USB_Event_Stub
                0x0000000000002234        0x2 obj/Events.o
                0x0000000000002234                EVENT_USB_Device_WakeUp
                0x0000000000002234                USB_Event_Stub
                0x0000000000002234                EVENT_USB_Device_Suspend
                0x0000000000002234                EVENT_USB_Device_StartOfFrame
                0x0000000000002234                EVENT_USB_Device_Reset
 .text.USB_USBTask
                0x0000000000002236       0x34 obj/USBTask.o
                0x0000000000002236                USB_USBTask
 .text.libgcc.div
                0x000000000000226a       0x18 /opt/homebrew/Cellar/avr-gcc@9/9.4.0/lib/avr-gcc/9/gcc/avr/9.4.0/avr5/libgcc.a(_udivmodqi4.o)
                0x000000000000226a                __udivmodqi4
 .text.avr-libc
                0x0000000000002282       0x12 /opt/homebrew/Cellar/avr-gcc@9/9.4.0/lib/avr-gcc/9/gcc/avr/9.4.0/../../../../../../avr/lib/avr5/libc.a(memcpy.o)
                0x0000000000002282                memcpy
 .text.avr-libc
                0x0000000000002294       0x10 /opt/homebrew/Cellar/avr-gcc@9/9.4.0/lib/avr-gcc/9/gcc/avr/9.4.0/../../../../../../avr/lib/avr5/libatmega32u4.a(eerd_byte.o)
                0x0000000000002294                eeprom_read_byte
 .text.avr-libc
                0x00000000000022a4       0x1c /opt/homebrew/Cellar/avr-gcc@9/9.4.0/lib/avr-gcc/9/gcc/avr/9.4.0/../../../../../../avr/lib/avr5/libatmega32u4.a(eewr_byte.o)
                0x00000000000022a4                eeprom_write_byte
                0x00000000000022a6                eeprom_write_r18
                0x00000000000022c0                . = ALIGN (0x2)
 *(.fini9)
 .fini9         0x00000000000022c0        0x0 /opt/homebrew/Cellar/avr-gcc@9/9.4.0/lib/avr-gcc/9/gcc/avr/9.4.0/avr5/libgcc.a(_exit.o)
                0x00000000000022c0                exit
                0x00000000000022c0                _exit
 *(.fini9)
 *(.fini8)
 *(.fini8)
 *(.fini7)
 *(.fini7)
 *(.fini6)
 *(.fini6)
 *(.fini5)
 *(.fini5)
 *(.fini4)
 *(.fini4)
 *(.fini3)
 *(.fini3)
 *(.fini2)
 *(.fini2)
 *(.fini1)
 *(.fini1)
 *(.fini0)
 .fini0         0x00000000000022c0        0x4 /opt/homebrew/Cellar/avr-gcc@9/9.4.0/lib/avr-gcc/9/gcc/avr/9.4.0/avr5/libgcc.a(_exit.o)
 *(.fini0)
 *(.hightext)
 *(.hightext*)
 *(.progmemx.*)
                0x00000000000022c4                . = ALIGN (0x2)
 *(.jumptables)
 *(.jumptables*)
                0x00000000000022c4                _etext = .

.data           0x0000000000800100       0x1c load address 0x00000000000022c4
                0x0000000000800100                PROVIDE (__data_start = .)
 *(.data)
 .data          0x0000000000800100       0x1b obj/TestAndMeasurement.o
                0x0000000000800100                TMC_InLastMessageComplete
                0x0000000000800101                TMC_LastMessageComplete
                0x0000000000800103                Capabilities
 *(.data*)
 *(.gnu.linkonce.d*)
 *(.rodata)
 *(.rodata*)
 *(.gnu.linkonce.r*)
                0x000000000080011c                . = ALIGN (0x2)
 *fill*         0x000000000080011b        0x1 
                0x000000000080011c                _edata = .
                0x000000000080011c                PROVIDE (__data_end = .)

.bss            0x000000000080011c       0xd1
                0x000000000080011c                PROVIDE (__bss_start = .)
 *(.bss)
 .bss           0x000000000080011c       0x51 obj/TestAndMeasurement.o
                0x000000000080011c                dbg
                0x000000000080011e                cnt
 .bss           0x000000000080016d        0x8 obj/gpib.o
 *(.bss*)
 *(COMMON)
 COMMON         0x0000000000800175        0x5 obj/TestAndMeasurement.o
                0x0000000000800175                timeout_val
                0x0000000000800179                TMC_eom
 COMMON         0x000000000080017a       0x66 obj/Descriptors.o
                0x000000000080017a                tmc_serial_string
 COMMON         0x00000000008001e0        0x3 obj/DeviceStandardReq.o
                0x00000000008001e0                USB_Device_ConfigurationNumber
                0x00000000008001e1                USB_Device_CurrentlySelfPowered
                0x00000000008001e2                USB_Device_RemoteWakeupEnabled
 COMMON         0x00000000008001e3        0xa obj/USBTask.o
                0x00000000008001e3                USB_IsInitialized
                0x00000000008001e4                USB_DeviceState
                0x00000000008001e5                USB_ControlRequest
                0x00000000008001ed                PROVIDE (__bss_end = .)
                0x00000000000022c4                __data_load_start = LOADADDR (.data)
                0x00000000000022e0                __data_load_end = (__data_load_start + SIZEOF (.data))

.noinit         0x00000000008001ed        0x0
                [!provide]                        PROVIDE (__noinit_start = .)
 *(.noinit .noinit.* .gnu.linkonce.n.*)
                [!provide]                        PROVIDE (__noinit_end = .)
                0x00000000008001ed                _end = .
                [!provide]                        PROVIDE (__heap_start = .)

.eeprom         0x0000000000810000        0x0
 *(.eeprom*)
                0x0000000000810000                __eeprom_end = .

.fuse
 *(.fuse)
 *(.lfuse)
 *(.hfuse)
 *(.efuse)

.lock
 *(.lock*)

.signature
 *(.signature*)

.stab
 *(.stab)

.stabstr
 *(.stabstr)

.stab.excl
 *(.stab.excl)

.stab.exclstr
 *(.stab.exclstr)

.stab.index
 *(.stab.index)

.stab.indexstr
 *(.stab.indexstr)

.comment        0x0000000000000000       0x24
 *(.comment)
 .comment       0x0000000000000000       0x24 obj/TestAndMeasurement.o
                                         0x25 (size before relaxing)
 .comment       0x0000000000000024       0x25 obj/Descriptors.o
 .comment       0x0000000000000024       0x25 obj/gpib.o
 .comment       0x0000000000000024       0x25 obj/EndpointStream_AVR8.o
 .comment       0x0000000000000024       0x25 obj/Endpoint_AVR8.o
 .comment       0x0000000000000024       0x25 obj/USBController_AVR8.o
 .comment       0x0000000000000024       0x25 obj/USBInterrupt_AVR8.o
 .comment       0x0000000000000024       0x25 obj/DeviceStandardReq.o
 .comment       0x0000000000000024       0x25 obj/Events.o
 .comment       0x0000000000000024       0x25 obj/USBTask.o

.note.gnu.avr.deviceinfo
                0x0000000000000000       0x40
 .note.gnu.avr.deviceinfo
                0x0000000000000000       0x40 /opt/homebrew/Cellar/avr-gcc@9/9.4.0/lib/avr-gcc/9/gcc/avr/9.4.0/../../../../../../avr/lib/avr5/crtatmega32u4.o

.note.gnu.build-id
 *(.note.gnu.build-id)

.debug
 *(.debug)

.line
 *(.line)

.debug_srcinfo
 *(.debug_srcinfo)

.debug_sfnames
 *(.debug_sfnames)

.debug_aranges  0x0000000000000000      0x410
 *(.debug_aranges)
 .debug_aranges
                0x0000000000000000       0xd0 obj/TestAndMeasurement.o
 .debug_aranges
                0x00000000000000d0       0x20 obj/Descriptors.o
 .debug_aranges
                0x00000000000000f0       0xc0 obj/gpib.o
 .debug_aranges
                0x00000000000001b0       0xc8 obj/EndpointStream_AVR8.o
 .debug_aranges
                0x0000000000000278       0x40 obj/Endpoint_AVR8.o
 .debug_aranges
                0x00000000000002b8       0x30 obj/USBController_AVR8.o
 .debug_aranges
                0x00000000000002e8       0x38 obj/USBInterrupt_AVR8.o
 .debug_aranges
                0x0000000000000320       0x20 obj/DeviceStandardReq.o
 .debug_aranges
                0x0000000000000340       0x30 obj/Events.o
 .debug_aranges
                0x0000000000000370       0x20 obj/USBTask.o
 .debug_aranges
                0x0000000000000390       0x20 /opt/homebrew/Cellar/avr-gcc@9/9.4.0/lib/avr-gcc/9/gcc/avr/9.4.0/avr5/libgcc.a(_udivmodqi4.o)
 .debug_aranges
                0x00000000000003b0       0x20 /opt/homebrew/Cellar/avr-gcc@9/9.4.0/lib/avr-gcc/9/gcc/avr/9.4.0/avr5/libgcc.a(_exit.o)
 .debug_aranges
                0x00000000000003d0       0x20 /opt/homebrew/Cellar/avr-gcc@9/9.4.0/lib/avr-gcc/9/gcc/avr/9.4.0/avr5/libgcc.a(_copy_data.o)
 .debug_aranges
                0x00000000000003f0       0x20 /opt/homebrew/Cellar/avr-gcc@9/9.4.0/lib/avr-gcc/9/gcc/avr/9.4.0/avr5/libgcc.a(_clear_bss.o)

.debug_pubnames
 *(.debug_pubnames)

.debug_info     0x0000000000000000     0x925d
 *(.debug_info .gnu.linkonce.wi.*)
 .debug_info    0x0000000000000000      0x9f4 /opt/homebrew/Cellar/avr-gcc@9/9.4.0/lib/avr-gcc/9/gcc/avr/9.4.0/../../../../../../avr/lib/avr5/crtatmega32u4.o
 .debug_info    0x00000000000009f4     0x2a47 obj/TestAndMeasurement.o
 .debug_info    0x000000000000343b      0x86e obj/Descriptors.o
 .debug_info    0x0000000000003ca9     0x1237 obj/gpib.o
 .debug_info    0x0000000000004ee0     0x1d9a obj/EndpointStream_AVR8.o
 .debug_info    0x0000000000006c7a      0x75d obj/Endpoint_AVR8.o
 .debug_info    0x00000000000073d7      0x606 obj/USBController_AVR8.o
 .debug_info    0x00000000000079dd      0xa43 obj/USBInterrupt_AVR8.o
 .debug_info    0x0000000000008420      0x9cb obj/DeviceStandardReq.o
 .debug_info    0x0000000000008deb       0xe9 obj/Events.o
 .debug_info    0x0000000000008ed4      0x2f1 obj/USBTask.o
 .debug_info    0x00000000000091c5       0x26 /opt/homebrew/Cellar/avr-gcc@9/9.4.0/lib/avr-gcc/9/gcc/avr/9.4.0/avr5/libgcc.a(_udivmodqi4.o)
 .debug_info    0x00000000000091eb       0x26 /opt/homebrew/Cellar/avr-gcc@9/9.4.0/lib/avr-gcc/9/gcc/avr/9.4.0/avr5/libgcc.a(_exit.o)
 .debug_info    0x0000000000009211       0x26 /opt/homebrew/Cellar/avr-gcc@9/9.4.0/lib/avr-gcc/9/gcc/avr/9.4.0/avr5/libgcc.a(_copy_data.o)
 .debug_info    0x0000000000009237       0x26 /opt/homebrew/Cellar/avr-gcc@9/9.4.0/lib/avr-gcc/9/gcc/avr/9.4.0/avr5/libgcc.a(_clear_bss.o)

.debug_abbrev   0x0000000000000000     0x2578
 *(.debug_abbrev)
 .debug_abbrev  0x0000000000000000      0x96a /opt/homebrew/Cellar/avr-gcc@9/9.4.0/lib/avr-gcc/9/gcc/avr/9.4.0/../../../../../../avr/lib/avr5/crtatmega32u4.o
 .debug_abbrev  0x000000000000096a      0x6b2 obj/TestAndMeasurement.o
 .debug_abbrev  0x000000000000101c      0x1ee obj/Descriptors.o
 .debug_abbrev  0x000000000000120a      0x4b0 obj/gpib.o
 .debug_abbrev  0x00000000000016ba      0x232 obj/EndpointStream_AVR8.o
 .debug_abbrev  0x00000000000018ec      0x29d obj/Endpoint_AVR8.o
 .debug_abbrev  0x0000000000001b89      0x1f5 obj/USBController_AVR8.o
 .debug_abbrev  0x0000000000001d7e      0x2a5 obj/USBInterrupt_AVR8.o
 .debug_abbrev  0x0000000000002023      0x2d2 obj/DeviceStandardReq.o
 .debug_abbrev  0x00000000000022f5       0x89 obj/Events.o
 .debug_abbrev  0x000000000000237e      0x1aa obj/USBTask.o
 .debug_abbrev  0x0000000000002528       0x14 /opt/homebrew/Cellar/avr-gcc@9/9.4.0/lib/avr-gcc/9/gcc/avr/9.4.0/avr5/libgcc.a(_udivmodqi4.o)
 .debug_abbrev  0x000000000000253c       0x14 /opt/homebrew/Cellar/avr-gcc@9/9.4.0/lib/avr-gcc/9/gcc/avr/9.4.0/avr5/libgcc.a(_exit.o)
 .debug_abbrev  0x0000000000002550       0x14 /opt/homebrew/Cellar/avr-gcc@9/9.4.0/lib/avr-gcc/9/gcc/avr/9.4.0/avr5/libgcc.a(_copy_data.o)
 .debug_abbrev  0x0000000000002564       0x14 /opt/homebrew/Cellar/avr-gcc@9/9.4.0/lib/avr-gcc/9/gcc/avr/9.4.0/avr5/libgcc.a(_clear_bss.o)

.debug_line     0x0000000000000000     0xaf90
 *(.debug_line .debug_line.* .debug_line_end)
 .debug_line    0x0000000000000000       0x1d /opt/homebrew/Cellar/avr-gcc@9/9.4.0/lib/avr-gcc/9/gcc/avr/9.4.0/../../../../../../avr/lib/avr5/crtatmega32u4.o
 .debug_line    0x000000000000001d     0x3358 obj/TestAndMeasurement.o
 .debug_line    0x0000000000003375      0x34b obj/Descriptors.o
 .debug_line    0x00000000000036c0     0x145e obj/gpib.o
 .debug_line    0x0000000000004b1e     0x3441 obj/EndpointStream_AVR8.o
 .debug_line    0x0000000000007f5f      0xa61 obj/Endpoint_AVR8.o
 .debug_line    0x00000000000089c0      0x6f0 obj/USBController_AVR8.o
 .debug_line    0x00000000000090b0      0xdc2 obj/USBInterrupt_AVR8.o
 .debug_line    0x0000000000009e72      0xb60 obj/DeviceStandardReq.o
 .debug_line    0x000000000000a9d2      0x105 obj/Events.o
 .debug_line    0x000000000000aad7      0x29f obj/USBTask.o
 .debug_line    0x000000000000ad76       0x9d /opt/homebrew/Cellar/avr-gcc@9/9.4.0/lib/avr-gcc/9/gcc/avr/9.4.0/avr5/libgcc.a(_udivmodqi4.o)
 .debug_line    0x000000000000ae13       0x61 /opt/homebrew/Cellar/avr-gcc@9/9.4.0/lib/avr-gcc/9/gcc/avr/9.4.0/avr5/libgcc.a(_exit.o)
 .debug_line    0x000000000000ae74       0x97 /opt/homebrew/Cellar/avr-gcc@9/9.4.0/lib/avr-gcc/9/gcc/avr/9.4.0/avr5/libgcc.a(_copy_data.o)
 .debug_line    0x000000000000af0b       0x85 /opt/homebrew/Cellar/avr-gcc@9/9.4.0/lib/avr-gcc/9/gcc/avr/9.4.0/avr5/libgcc.a(_clear_bss.o)

.debug_frame    0x0000000000000000      0xb88
 *(.debug_frame)
 .debug_frame   0x0000000000000000      0x2b0 obj/TestAndMeasurement.o
 .debug_frame   0x00000000000002b0       0x24 obj/Descriptors.o
 .debug_frame   0x00000000000002d4      0x248 obj/gpib.o
 .debug_frame   0x000000000000051c      0x404 obj/EndpointStream_AVR8.o
 .debug_frame   0x0000000000000920       0x78 obj/Endpoint_AVR8.o
 .debug_frame   0x0000000000000998       0x58 obj/USBController_AVR8.o
 .debug_frame   0x00000000000009f0       0xec obj/USBInterrupt_AVR8.o
 .debug_frame   0x0000000000000adc       0x3c obj/DeviceStandardReq.o
 .debug_frame   0x0000000000000b18       0x44 obj/Events.o
 .debug_frame   0x0000000000000b5c       0x2c obj/USBTask.o

.debug_str      0x0000000000000000     0x2710
 *(.debug_str)
 .debug_str     0x0000000000000000      0x371 /opt/homebrew/Cellar/avr-gcc@9/9.4.0/lib/avr-gcc/9/gcc/avr/9.4.0/../../../../../../avr/lib/avr5/crtatmega32u4.o
 .debug_str     0x0000000000000371      0xfde obj/TestAndMeasurement.o
                                       0x1076 (size before relaxing)
 .debug_str     0x000000000000134f      0x3f3 obj/Descriptors.o
                                        0x817 (size before relaxing)
 .debug_str     0x0000000000001742      0x14a obj/gpib.o
                                        0x4dd (size before relaxing)
 .debug_str     0x000000000000188c      0x416 obj/EndpointStream_AVR8.o
                                        0x8e4 (size before relaxing)
 .debug_str     0x0000000000001ca2      0x264 obj/Endpoint_AVR8.o
                                        0x6a4 (size before relaxing)
 .debug_str     0x0000000000001f06      0x20e obj/USBController_AVR8.o
                                        0x5c8 (size before relaxing)
 .debug_str     0x0000000000002114      0x1a3 obj/USBInterrupt_AVR8.o
                                        0x698 (size before relaxing)
 .debug_str     0x00000000000022b7      0x317 obj/DeviceStandardReq.o
                                        0x874 (size before relaxing)
 .debug_str     0x00000000000025ce       0x69 obj/Events.o
                                        0x1eb (size before relaxing)
 .debug_str     0x0000000000002637       0x55 obj/USBTask.o
                                        0x3f7 (size before relaxing)
 .debug_str     0x000000000000268c       0x84 /opt/homebrew/Cellar/avr-gcc@9/9.4.0/lib/avr-gcc/9/gcc/avr/9.4.0/avr5/libgcc.a(_udivmodqi4.o)
 .debug_str     0x0000000000002710       0x84 /opt/homebrew/Cellar/avr-gcc@9/9.4.0/lib/avr-gcc/9/gcc/avr/9.4.0/avr5/libgcc.a(_exit.o)
 .debug_str     0x0000000000002710       0x84 /opt/homebrew/Cellar/avr-gcc@9/9.4.0/lib/avr-gcc/9/gcc/avr/9.4.0/avr5/libgcc.a(_copy_data.o)
 .debug_str     0x0000000000002710       0x84 /opt/homebrew/Cellar/avr-gcc@9/9.4.0/lib/avr-gcc/9/gcc/avr/9.4.0/avr5/libgcc.a(_clear_bss.o)

.debug_loc      0x0000000000000000     0x5e59
 *(.debug_loc)
 .debug_loc     0x0000000000000000     0x1832 obj/TestAndMeasurement.o
 .debug_loc     0x0000000000001832      0x262 obj/Descriptors.o
 .debug_loc     0x0000000000001a94      0xf72 obj/gpib.o
 .debug_loc     0x0000000000002a06     0x271c obj/EndpointStream_AVR8.o
 .debug_loc     0x0000000000005122      0x4a0 obj/Endpoint_AVR8.o
 .debug_loc     0x00000000000055c2       0xf9 obj/USBController_AVR8.o
 .debug_loc     0x00000000000056bb      0x492 obj/USBInterrupt_AVR8.o
 .debug_loc     0x0000000000005b4d      0x2aa obj/DeviceStandardReq.o
 .debug_loc     0x0000000000005df7       0x62 obj/USBTask.o

.debug_macinfo
 *(.debug_macinfo)

.debug_weaknames
 *(.debug_weaknames)

.debug_funcnames
 *(.debug_funcnames)

.debug_typenames
 *(.debug_typenames)

.debug_varnames
 *(.debug_varnames)

.debug_pubtypes
 *(.debug_pubtypes)

.debug_ranges   0x0000000000000000      0x8c0
 *(.debug_ranges)
 .debug_ranges  0x0000000000000000      0x2e0 obj/TestAndMeasurement.o
 .debug_ranges  0x00000000000002e0       0x28 obj/Descriptors.o
 .debug_ranges  0x0000000000000308      0x158 obj/gpib.o
 .debug_ranges  0x0000000000000460      0x1f8 obj/EndpointStream_AVR8.o
 .debug_ranges  0x0000000000000658       0xd8 obj/Endpoint_AVR8.o
 .debug_ranges  0x0000000000000730       0x50 obj/USBController_AVR8.o
 .debug_ranges  0x0000000000000780       0x70 obj/USBInterrupt_AVR8.o
 .debug_ranges  0x00000000000007f0       0xa0 obj/DeviceStandardReq.o
 .debug_ranges  0x0000000000000890       0x20 obj/Events.o
 .debug_ranges  0x00000000000008b0       0x10 obj/USBTask.o

.debug_addr
 *(.debug_addr)

.debug_line_str
 *(.debug_line_str)

.debug_loclists
 *(.debug_loclists)

.debug_macro
 *(.debug_macro)

.debug_names
 *(.debug_names)

.debug_rnglists
 *(.debug_rnglists)

.debug_str_offsets
 *(.debug_str_offsets)

.debug_sup
 *(.debug_sup)
OUTPUT(TestAndMeasurement.elf elf32-avr)
LOAD linker stubs

Cross Reference Table

Symbol                                            File
Audio_Device_ConfigureEndpoints                   obj/AudioClassDevice.o
Audio_Device_Event_Stub                           obj/AudioClassDevice.o
Audio_Device_ProcessControlRequest                obj/AudioClassDevice.o
CALLBACK_Audio_Device_GetSetEndpointProperty      obj/AudioClassDevice.o
CALLBACK_Audio_Device_GetSetInterfaceProperty     obj/AudioClassDevice.o
CALLBACK_CCID_Abort                               obj/CCIDClassDevice.o
CALLBACK_CCID_GetParameters_T0                    obj/CCIDClassDevice.o
CALLBACK_CCID_GetSlotStatus                       obj/CCIDClassDevice.o
CALLBACK_CCID_IccPowerOff                         obj/CCIDClassDevice.o
CALLBACK_CCID_IccPowerOn                          obj/CCIDClassDevice.o
CALLBACK_CCID_SetParameters_T0                    obj/CCIDClassDevice.o
CALLBACK_CCID_XfrBlock                            obj/CCIDClassDevice.o
CALLBACK_HIDParser_FilterHIDReportItem            obj/HIDParser.o
CALLBACK_HID_Device_CreateHIDReport               obj/HIDClassDevice.o
CALLBACK_HID_Device_ProcessHIDReport              obj/HIDClassDevice.o
CALLBACK_MS_Device_SCSICommandReceived            obj/MassStorageClassDevice.o
CALLBACK_USB_GetDescriptor                        obj/Descriptors.o
                                                  obj/DeviceStandardReq.o
CCID_CheckStatusNoError                           obj/CCIDClassDevice.o
CCID_Device_ConfigureEndpoints                    obj/CCIDClassDevice.o
CCID_Device_ProcessControlRequest                 obj/CCIDClassDevice.o
CCID_Device_USBTask                               obj/CCIDClassDevice.o
CDC_Device_BytesReceived                          obj/CDCClassDevice.o
CDC_Device_ConfigureEndpoints                     obj/CDCClassDevice.o
CDC_Device_CreateBlockingStream                   obj/CDCClassDevice.o
CDC_Device_CreateStream                           obj/CDCClassDevice.o
CDC_Device_Event_Stub                             obj/CDCClassDevice.o
CDC_Device_Event_Stub_2                           obj/CDCClassDevice.o
CDC_Device_Flush                                  obj/CDCClassDevice.o
CDC_Device_ProcessControlRequest                  obj/CDCClassDevice.o
CDC_Device_ReceiveByte                            obj/CDCClassDevice.o
CDC_Device_SendByte                               obj/CDCClassDevice.o
CDC_Device_SendControlLineStateChange             obj/CDCClassDevice.o
CDC_Device_SendData                               obj/CDCClassDevice.o
CDC_Device_SendData_P                             obj/CDCClassDevice.o
CDC_Device_SendString                             obj/CDCClassDevice.o
CDC_Device_SendString_P                           obj/CDCClassDevice.o
CDC_Device_USBTask                                obj/CDCClassDevice.o
Capabilities                                      obj/TestAndMeasurement.o
ConfigurationDescriptor                           obj/Descriptors.o
DeviceDescriptor                                  obj/Descriptors.o
EVENT_Audio_Device_StreamStartStop                obj/AudioClassDevice.o
EVENT_CDC_Device_BreakSent                        obj/CDCClassDevice.o
EVENT_CDC_Device_ControLineStateChanged           obj/CDCClassDevice.o
EVENT_CDC_Device_LineEncodingChanged              obj/CDCClassDevice.o
EVENT_PRNT_Device_SoftReset                       obj/PrinterClassDevice.o
EVENT_USB_Device_ConfigurationChanged             obj/TestAndMeasurement.o
                                                  obj/DeviceStandardReq.o
EVENT_USB_Device_Connect                          obj/TestAndMeasurement.o
                                                  obj/USBInterrupt_AVR8.o
EVENT_USB_Device_ControlRequest                   obj/TestAndMeasurement.o
                                                  obj/DeviceStandardReq.o
EVENT_USB_Device_Disconnect                       obj/TestAndMeasurement.o
                                                  obj/USBInterrupt_AVR8.o
EVENT_USB_Device_Reset                            obj/Events.o
                                                  obj/USBInterrupt_AVR8.o
EVENT_USB_Device_StartOfFrame                     obj/Events.o
                                                  obj/USBInterrupt_AVR8.o
EVENT_USB_Device_Suspend                          obj/Events.o
                                                  obj/USBInterrupt_AVR8.o
EVENT_USB_Device_WakeUp                           obj/Events.o
                                                  obj/USBInterrupt_AVR8.o
Endpoint_ClearEndpoints                           obj/Endpoint_AVR8.o
Endpoint_ClearStatusStage                         obj/Endpoint_AVR8.o
                                                  obj/PrinterClassDevice.o
                                                  obj/MassStorageClassDevice.o
                                                  obj/HIDClassDevice.o
                                                  obj/CDCClassDevice.o
                                                  obj/AudioClassDevice.o
                                                  obj/DeviceStandardReq.o
                                                  obj/TestAndMeasurement.o
Endpoint_ConfigureEndpointTable                   obj/Endpoint_AVR8.o
                                                  obj/RNDISClassDevice.o
                                                  obj/PrinterClassDevice.o
                                                  obj/MIDIClassDevice.o
                                                  obj/MassStorageClassDevice.o
                                                  obj/HIDClassDevice.o
                                                  obj/CDCClassDevice.o
                                                  obj/CCIDClassDevice.o
                                                  obj/AudioClassDevice.o
Endpoint_ConfigureEndpoint_Prv                    obj/Endpoint_AVR8.o
                                                  obj/USBInterrupt_AVR8.o
                                                  obj/USBController_AVR8.o
                                                  obj/TestAndMeasurement.o
Endpoint_Discard_Stream                           obj/EndpointStream_AVR8.o
                                                  obj/RNDISClassDevice.o
Endpoint_Null_Stream                              obj/EndpointStream_AVR8.o
Endpoint_Read_Control_EStream_BE                  obj/EndpointStream_AVR8.o
Endpoint_Read_Control_EStream_LE                  obj/EndpointStream_AVR8.o
Endpoint_Read_Control_Stream_BE                   obj/EndpointStream_AVR8.o
Endpoint_Read_Control_Stream_LE                   obj/EndpointStream_AVR8.o
                                                  obj/RNDISClassDevice.o
                                                  obj/HIDClassDevice.o
                                                  obj/AudioClassDevice.o
Endpoint_Read_EStream_BE                          obj/EndpointStream_AVR8.o
Endpoint_Read_EStream_LE                          obj/EndpointStream_AVR8.o
Endpoint_Read_Stream_BE                           obj/EndpointStream_AVR8.o
Endpoint_Read_Stream_LE                           obj/EndpointStream_AVR8.o
                                                  obj/RNDISClassDevice.o
                                                  obj/MIDIClassDevice.o
                                                  obj/MassStorageClassDevice.o
                                                  obj/CCIDClassDevice.o
                                                  obj/TestAndMeasurement.o
Endpoint_WaitUntilReady                           obj/Endpoint_AVR8.o
                                                  obj/RNDISClassDevice.o
                                                  obj/PrinterClassDevice.o
                                                  obj/MIDIClassDevice.o
                                                  obj/CDCClassDevice.o
                                                  obj/EndpointStream_AVR8.o
Endpoint_Write_Control_EStream_BE                 obj/EndpointStream_AVR8.o
Endpoint_Write_Control_EStream_LE                 obj/EndpointStream_AVR8.o
                                                  obj/DeviceStandardReq.o
Endpoint_Write_Control_PStream_BE                 obj/EndpointStream_AVR8.o
Endpoint_Write_Control_PStream_LE                 obj/EndpointStream_AVR8.o
                                                  obj/DeviceStandardReq.o
Endpoint_Write_Control_Stream_BE                  obj/EndpointStream_AVR8.o
Endpoint_Write_Control_Stream_LE                  obj/EndpointStream_AVR8.o
                                                  obj/RNDISClassDevice.o
                                                  obj/PrinterClassDevice.o
                                                  obj/HIDClassDevice.o
                                                  obj/AudioClassDevice.o
                                                  obj/DeviceStandardReq.o
                                                  obj/TestAndMeasurement.o
Endpoint_Write_EStream_BE                         obj/EndpointStream_AVR8.o
Endpoint_Write_EStream_LE                         obj/EndpointStream_AVR8.o
Endpoint_Write_PStream_BE                         obj/EndpointStream_AVR8.o
Endpoint_Write_PStream_LE                         obj/EndpointStream_AVR8.o
                                                  obj/CDCClassDevice.o
Endpoint_Write_Stream_BE                          obj/EndpointStream_AVR8.o
Endpoint_Write_Stream_LE                          obj/EndpointStream_AVR8.o
                                                  obj/RNDISClassDevice.o
                                                  obj/PrinterClassDevice.o
                                                  obj/MIDIClassDevice.o
                                                  obj/MassStorageClassDevice.o
                                                  obj/HIDClassDevice.o
                                                  obj/CDCClassDevice.o
                                                  obj/CCIDClassDevice.o
                                                  obj/TestAndMeasurement.o
GetNextMessage                                    obj/TestAndMeasurement.o
HID_Device_ConfigureEndpoints                     obj/HIDClassDevice.o
HID_Device_ProcessControlRequest                  obj/HIDClassDevice.o
HID_Device_USBTask                                obj/HIDClassDevice.o
Jump_To_Bootloader                                obj/TestAndMeasurement.o
LanguageString                                    obj/Descriptors.o
MIDI_Device_ConfigureEndpoints                    obj/MIDIClassDevice.o
MIDI_Device_Flush                                 obj/MIDIClassDevice.o
MIDI_Device_ReceiveEventPacket                    obj/MIDIClassDevice.o
MIDI_Device_SendEventPacket                       obj/MIDIClassDevice.o
MIDI_Device_USBTask                               obj/MIDIClassDevice.o
MS_Device_ConfigureEndpoints                      obj/MassStorageClassDevice.o
MS_Device_ProcessControlRequest                   obj/MassStorageClassDevice.o
MS_Device_USBTask                                 obj/MassStorageClassDevice.o
ManufacturerString                                obj/Descriptors.o
PRNT_Device_BytesReceived                         obj/PrinterClassDevice.o
PRNT_Device_ConfigureEndpoints                    obj/PrinterClassDevice.o
PRNT_Device_CreateBlockingStream                  obj/PrinterClassDevice.o
PRNT_Device_CreateStream                          obj/PrinterClassDevice.o
PRNT_Device_Event_Stub                            obj/PrinterClassDevice.o
PRNT_Device_Flush                                 obj/PrinterClassDevice.o
PRNT_Device_ProcessControlRequest                 obj/PrinterClassDevice.o
PRNT_Device_ReceiveByte                           obj/PrinterClassDevice.o
PRNT_Device_SendByte                              obj/PrinterClassDevice.o
PRNT_Device_SendData                              obj/PrinterClassDevice.o
PRNT_Device_SendString                            obj/PrinterClassDevice.o
PRNT_Device_USBTask                               obj/PrinterClassDevice.o
ProcessInternalCommand                            obj/TestAndMeasurement.o
ProcessSentMessage                                obj/TestAndMeasurement.o
ProductString                                     obj/Descriptors.o
RNDIS_Device_ConfigureEndpoints                   obj/RNDISClassDevice.o
RNDIS_Device_IsPacketReceived                     obj/RNDISClassDevice.o
RNDIS_Device_ProcessControlRequest                obj/RNDISClassDevice.o
RNDIS_Device_ReadPacket                           obj/RNDISClassDevice.o
RNDIS_Device_SendPacket                           obj/RNDISClassDevice.o
RNDIS_Device_USBTask                              obj/RNDISClassDevice.o
ReadTMCHeader                                     obj/TestAndMeasurement.o
SetupHardware                                     obj/TestAndMeasurement.o
TMC_InLastMessageComplete                         obj/TestAndMeasurement.o
TMC_LastMessageComplete                           obj/TestAndMeasurement.o
TMC_Task                                          obj/TestAndMeasurement.o
TMC_eom                                           obj/TestAndMeasurement.o
TMC_resetstates                                   obj/TestAndMeasurement.o
USB_ControlRequest                                obj/USBTask.o
                                                  obj/RNDISClassDevice.o
                                                  obj/PrinterClassDevice.o
                                                  obj/MassStorageClassDevice.o
                                                  obj/HIDClassDevice.o
                                                  obj/CDCClassDevice.o
                                                  obj/CCIDClassDevice.o
                                                  obj/AudioClassDevice.o
                                                  obj/DeviceStandardReq.o
                                                  obj/Endpoint_AVR8.o
                                                  obj/EndpointStream_AVR8.o
                                                  obj/TestAndMeasurement.o
USB_DeviceState                                   obj/USBTask.o
                                                  obj/RNDISClassDevice.o
                                                  obj/PrinterClassDevice.o
                                                  obj/MIDIClassDevice.o
                                                  obj/MassStorageClassDevice.o
                                                  obj/HIDClassDevice.o
                                                  obj/CDCClassDevice.o
                                                  obj/DeviceStandardReq.o
                                                  obj/USBInterrupt_AVR8.o
                                                  obj/USBController_AVR8.o
                                                  obj/Endpoint_AVR8.o
                                                  obj/EndpointStream_AVR8.o
                                                  obj/TestAndMeasurement.o
USB_Device_ConfigurationNumber                    obj/DeviceStandardReq.o
                                                  obj/USBInterrupt_AVR8.o
                                                  obj/USBController_AVR8.o
USB_Device_CurrentlySelfPowered                   obj/DeviceStandardReq.o
                                                  obj/USBController_AVR8.o
USB_Device_ProcessControlRequest                  obj/DeviceStandardReq.o
                                                  obj/USBTask.o
                                                  obj/USBInterrupt_AVR8.o
USB_Device_RemoteWakeupEnabled                    obj/DeviceStandardReq.o
                                                  obj/USBController_AVR8.o
USB_Device_SendRemoteWakeup                       obj/Device_AVR8.o
USB_Disable                                       obj/USBController_AVR8.o
                                                  obj/TestAndMeasurement.o
USB_Event_Stub                                    obj/Events.o
USB_Event_Stub_2                                  obj/Events.o
USB_Event_Stub_3                                  obj/Events.o
USB_GetHIDReportItemInfo                          obj/HIDParser.o
USB_GetHIDReportSize                              obj/HIDParser.o
USB_GetNextDescriptorComp                         obj/ConfigDescriptors.o
USB_GetNextDescriptorOfType                       obj/ConfigDescriptors.o
USB_GetNextDescriptorOfTypeAfter                  obj/ConfigDescriptors.o
USB_GetNextDescriptorOfTypeBefore                 obj/ConfigDescriptors.o
USB_INT_ClearAllInterrupts                        obj/USBInterrupt_AVR8.o
                                                  obj/USBController_AVR8.o
USB_INT_DisableAllInterrupts                      obj/USBInterrupt_AVR8.o
                                                  obj/USBController_AVR8.o
USB_Init                                          obj/USBController_AVR8.o
                                                  obj/TestAndMeasurement.o
USB_IsInitialized                                 obj/USBTask.o
                                                  obj/USBController_AVR8.o
USB_ProcessHIDReport                              obj/HIDParser.o
USB_ResetInterface                                obj/USBController_AVR8.o
USB_SetHIDReportItemInfo                          obj/HIDParser.o
USB_USBTask                                       obj/USBTask.o
                                                  obj/PrinterClassDevice.o
                                                  obj/CDCClassDevice.o
                                                  obj/TestAndMeasurement.o
WriteTMCHeader                                    obj/TestAndMeasurement.o
__FUSE_REGION_LENGTH__                            /opt/homebrew/Cellar/avr-gcc@9/9.4.0/lib/avr-gcc/9/gcc/avr/9.4.0/../../../../../../avr/lib/avr5/crtatmega32u4.o
__bad_interrupt                                   /opt/homebrew/Cellar/avr-gcc@9/9.4.0/lib/avr-gcc/9/gcc/avr/9.4.0/../../../../../../avr/lib/avr5/crtatmega32u4.o
__bss_end                                         /opt/homebrew/Cellar/avr-gcc@9/9.4.0/lib/avr-gcc/9/gcc/avr/9.4.0/avr5/libgcc.a(_clear_bss.o)
__bss_start                                       /opt/homebrew/Cellar/avr-gcc@9/9.4.0/lib/avr-gcc/9/gcc/avr/9.4.0/avr5/libgcc.a(_clear_bss.o)
__data_end                                        /opt/homebrew/Cellar/avr-gcc@9/9.4.0/lib/avr-gcc/9/gcc/avr/9.4.0/avr5/libgcc.a(_copy_data.o)
__data_load_start                                 /opt/homebrew/Cellar/avr-gcc@9/9.4.0/lib/avr-gcc/9/gcc/avr/9.4.0/avr5/libgcc.a(_copy_data.o)
__data_start                                      /opt/homebrew/Cellar/avr-gcc@9/9.4.0/lib/avr-gcc/9/gcc/avr/9.4.0/avr5/libgcc.a(_copy_data.o)
__do_clear_bss                                    /opt/homebrew/Cellar/avr-gcc@9/9.4.0/lib/avr-gcc/9/gcc/avr/9.4.0/avr5/libgcc.a(_clear_bss.o)
                                                  obj/USBTask.o
                                                  obj/DeviceStandardReq.o
                                                  obj/gpib.o
                                                  obj/Descriptors.o
                                                  obj/TestAndMeasurement.o
__do_copy_data                                    /opt/homebrew/Cellar/avr-gcc@9/9.4.0/lib/avr-gcc/9/gcc/avr/9.4.0/avr5/libgcc.a(_copy_data.o)
                                                  obj/RNDISClassDevice.o
                                                  obj/CDCClassDevice.o
                                                  obj/TestAndMeasurement.o
__heap_end                                        /opt/homebrew/Cellar/avr-gcc@9/9.4.0/lib/avr-gcc/9/gcc/avr/9.4.0/../../../../../../avr/lib/avr5/crtatmega32u4.o
__init                                            /opt/homebrew/Cellar/avr-gcc@9/9.4.0/lib/avr-gcc/9/gcc/avr/9.4.0/../../../../../../avr/lib/avr5/crtatmega32u4.o
__stack                                           /opt/homebrew/Cellar/avr-gcc@9/9.4.0/lib/avr-gcc/9/gcc/avr/9.4.0/../../../../../../avr/lib/avr5/crtatmega32u4.o
__strlen_P                                        /opt/homebrew/Cellar/avr-gcc@9/9.4.0/lib/avr-gcc/9/gcc/avr/9.4.0/../../../../../../avr/lib/avr5/libc.a(strlen_P.o)
                                                  obj/CDCClassDevice.o
__udivmodqi4                                      /opt/homebrew/Cellar/avr-gcc@9/9.4.0/lib/avr-gcc/9/gcc/avr/9.4.0/avr5/libgcc.a(_udivmodqi4.o)
                                                  obj/TestAndMeasurement.o
__vector_1                                        /opt/homebrew/Cellar/avr-gcc@9/9.4.0/lib/avr-gcc/9/gcc/avr/9.4.0/../../../../../../avr/lib/avr5/crtatmega32u4.o
__vector_10                                       obj/USBInterrupt_AVR8.o
                                                  /opt/homebrew/Cellar/avr-gcc@9/9.4.0/lib/avr-gcc/9/gcc/avr/9.4.0/../../../../../../avr/lib/avr5/crtatmega32u4.o
__vector_11                                       obj/USBInterrupt_AVR8.o
                                                  /opt/homebrew/Cellar/avr-gcc@9/9.4.0/lib/avr-gcc/9/gcc/avr/9.4.0/../../../../../../avr/lib/avr5/crtatmega32u4.o
__vector_12                                       /opt/homebrew/Cellar/avr-gcc@9/9.4.0/lib/avr-gcc/9/gcc/avr/9.4.0/../../../../../../avr/lib/avr5/crtatmega32u4.o
__vector_13                                       /opt/homebrew/Cellar/avr-gcc@9/9.4.0/lib/avr-gcc/9/gcc/avr/9.4.0/../../../../../../avr/lib/avr5/crtatmega32u4.o
__vector_14                                       /opt/homebrew/Cellar/avr-gcc@9/9.4.0/lib/avr-gcc/9/gcc/avr/9.4.0/../../../../../../avr/lib/avr5/crtatmega32u4.o
__vector_15                                       /opt/homebrew/Cellar/avr-gcc@9/9.4.0/lib/avr-gcc/9/gcc/avr/9.4.0/../../../../../../avr/lib/avr5/crtatmega32u4.o
__vector_16                                       /opt/homebrew/Cellar/avr-gcc@9/9.4.0/lib/avr-gcc/9/gcc/avr/9.4.0/../../../../../../avr/lib/avr5/crtatmega32u4.o
__vector_17                                       /opt/homebrew/Cellar/avr-gcc@9/9.4.0/lib/avr-gcc/9/gcc/avr/9.4.0/../../../../../../avr/lib/avr5/crtatmega32u4.o
__vector_18                                       /opt/homebrew/Cellar/avr-gcc@9/9.4.0/lib/avr-gcc/9/gcc/avr/9.4.0/../../../../../../avr/lib/avr5/crtatmega32u4.o
__vector_19                                       /opt/homebrew/Cellar/avr-gcc@9/9.4.0/lib/avr-gcc/9/gcc/avr/9.4.0/../../../../../../avr/lib/avr5/crtatmega32u4.o
__vector_2                                        /opt/homebrew/Cellar/avr-gcc@9/9.4.0/lib/avr-gcc/9/gcc/avr/9.4.0/../../../../../../avr/lib/avr5/crtatmega32u4.o
__vector_20                                       /opt/homebrew/Cellar/avr-gcc@9/9.4.0/lib/avr-gcc/9/gcc/avr/9.4.0/../../../../../../avr/lib/avr5/crtatmega32u4.o
__vector_21                                       /opt/homebrew/Cellar/avr-gcc@9/9.4.0/lib/avr-gcc/9/gcc/avr/9.4.0/../../../../../../avr/lib/avr5/crtatmega32u4.o
__vector_22                                       /opt/homebrew/Cellar/avr-gcc@9/9.4.0/lib/avr-gcc/9/gcc/avr/9.4.0/../../../../../../avr/lib/avr5/crtatmega32u4.o
__vector_23                                       obj/gpib.o
                                                  /opt/homebrew/Cellar/avr-gcc@9/9.4.0/lib/avr-gcc/9/gcc/avr/9.4.0/../../../../../../avr/lib/avr5/crtatmega32u4.o
__vector_24                                       /opt/homebrew/Cellar/avr-gcc@9/9.4.0/lib/avr-gcc/9/gcc/avr/9.4.0/../../../../../../avr/lib/avr5/crtatmega32u4.o
__vector_25                                       /opt/homebrew/Cellar/avr-gcc@9/9.4.0/lib/avr-gcc/9/gcc/avr/9.4.0/../../../../../../avr/lib/avr5/crtatmega32u4.o
__vector_26                                       /opt/homebrew/Cellar/avr-gcc@9/9.4.0/lib/avr-gcc/9/gcc/avr/9.4.0/../../../../../../avr/lib/avr5/crtatmega32u4.o
__vector_27                                       /opt/homebrew/Cellar/avr-gcc@9/9.4.0/lib/avr-gcc/9/gcc/avr/9.4.0/../../../../../../avr/lib/avr5/crtatmega32u4.o
__vector_28                                       /opt/homebrew/Cellar/avr-gcc@9/9.4.0/lib/avr-gcc/9/gcc/avr/9.4.0/../../../../../../avr/lib/avr5/crtatmega32u4.o
__vector_29                                       /opt/homebrew/Cellar/avr-gcc@9/9.4.0/lib/avr-gcc/9/gcc/avr/9.4.0/../../../../../../avr/lib/avr5/crtatmega32u4.o
__vector_3                                        /opt/homebrew/Cellar/avr-gcc@9/9.4.0/lib/avr-gcc/9/gcc/avr/9.4.0/../../../../../../avr/lib/avr5/crtatmega32u4.o
__vector_30                                       /opt/homebrew/Cellar/avr-gcc@9/9.4.0/lib/avr-gcc/9/gcc/avr/9.4.0/../../../../../../avr/lib/avr5/crtatmega32u4.o
__vector_31                                       /opt/homebrew/Cellar/avr-gcc@9/9.4.0/lib/avr-gcc/9/gcc/avr/9.4.0/../../../../../../avr/lib/avr5/crtatmega32u4.o
__vector_32                                       /opt/homebrew/Cellar/avr-gcc@9/9.4.0/lib/avr-gcc/9/gcc/avr/9.4.0/../../../../../../avr/lib/avr5/crtatmega32u4.o
__vector_33                                       /opt/homebrew/Cellar/avr-gcc@9/9.4.0/lib/avr-gcc/9/gcc/avr/9.4.0/../../../../../../avr/lib/avr5/crtatmega32u4.o
__vector_34                                       /opt/homebrew/Cellar/avr-gcc@9/9.4.0/lib/avr-gcc/9/gcc/avr/9.4.0/../../../../../../avr/lib/avr5/crtatmega32u4.o
__vector_35                                       /opt/homebrew/Cellar/avr-gcc@9/9.4.0/lib/avr-gcc/9/gcc/avr/9.4.0/../../../../../../avr/lib/avr5/crtatmega32u4.o
__vector_36                                       /opt/homebrew/Cellar/avr-gcc@9/9.4.0/lib/avr-gcc/9/gcc/avr/9.4.0/../../../../../../avr/lib/avr5/crtatmega32u4.o
__vector_37                                       /opt/homebrew/Cellar/avr-gcc@9/9.4.0/lib/avr-gcc/9/gcc/avr/9.4.0/../../../../../../avr/lib/avr5/crtatmega32u4.o
__vector_38                                       /opt/homebrew/Cellar/avr-gcc@9/9.4.0/lib/avr-gcc/9/gcc/avr/9.4.0/../../../../../../avr/lib/avr5/crtatmega32u4.o
__vector_39                                       /opt/homebrew/Cellar/avr-gcc@9/9.4.0/lib/avr-gcc/9/gcc/avr/9.4.0/../../../../../../avr/lib/avr5/crtatmega32u4.o
__vector_4                                        /opt/homebrew/Cellar/avr-gcc@9/9.4.0/lib/avr-gcc/9/gcc/avr/9.4.0/../../../../../../avr/lib/avr5/crtatmega32u4.o
__vector_40                                       /opt/homebrew/Cellar/avr-gcc@9/9.4.0/lib/avr-gcc/9/gcc/avr/9.4.0/../../../../../../avr/lib/avr5/crtatmega32u4.o
__vector_41                                       /opt/homebrew/Cellar/avr-gcc@9/9.4.0/lib/avr-gcc/9/gcc/avr/9.4.0/../../../../../../avr/lib/avr5/crtatmega32u4.o
__vector_42                                       /opt/homebrew/Cellar/avr-gcc@9/9.4.0/lib/avr-gcc/9/gcc/avr/9.4.0/../../../../../../avr/lib/avr5/crtatmega32u4.o
__vector_5                                        /opt/homebrew/Cellar/avr-gcc@9/9.4.0/lib/avr-gcc/9/gcc/avr/9.4.0/../../../../../../avr/lib/avr5/crtatmega32u4.o
__vector_6                                        /opt/homebrew/Cellar/avr-gcc@9/9.4.0/lib/avr-gcc/9/gcc/avr/9.4.0/../../../../../../avr/lib/avr5/crtatmega32u4.o
__vector_7                                        /opt/homebrew/Cellar/avr-gcc@9/9.4.0/lib/avr-gcc/9/gcc/avr/9.4.0/../../../../../../avr/lib/avr5/crtatmega32u4.o
__vector_8                                        /opt/homebrew/Cellar/avr-gcc@9/9.4.0/lib/avr-gcc/9/gcc/avr/9.4.0/../../../../../../avr/lib/avr5/crtatmega32u4.o
__vector_9                                        /opt/homebrew/Cellar/avr-gcc@9/9.4.0/lib/avr-gcc/9/gcc/avr/9.4.0/../../../../../../avr/lib/avr5/crtatmega32u4.o
__vector_default                                  /opt/homebrew/Cellar/avr-gcc@9/9.4.0/lib/avr-gcc/9/gcc/avr/9.4.0/../../../../../../avr/lib/avr5/crtatmega32u4.o
__vectors                                         /opt/homebrew/Cellar/avr-gcc@9/9.4.0/lib/avr-gcc/9/gcc/avr/9.4.0/../../../../../../avr/lib/avr5/crtatmega32u4.o
_exit                                             /opt/homebrew/Cellar/avr-gcc@9/9.4.0/lib/avr-gcc/9/gcc/avr/9.4.0/avr5/libgcc.a(_exit.o)
check_bootloaderEntry                             obj/TestAndMeasurement.o
cnt                                               obj/TestAndMeasurement.o
dbg                                               obj/TestAndMeasurement.o
eeprom_read_byte                                  /opt/homebrew/Cellar/avr-gcc@9/9.4.0/lib/avr-gcc/9/gcc/avr/9.4.0/../../../../../../avr/lib/avr5/libatmega32u4.a(eerd_byte.o)
                                                  obj/EndpointStream_AVR8.o
                                                  obj/TestAndMeasurement.o
eeprom_update_byte                                /opt/homebrew/Cellar/avr-gcc@9/9.4.0/lib/avr-gcc/9/gcc/avr/9.4.0/../../../../../../avr/lib/avr5/libatmega32u4.a(eeupd_byte.o)
                                                  obj/EndpointStream_AVR8.o
eeprom_update_if_changed                          obj/TestAndMeasurement.o
eeprom_update_r18                                 /opt/homebrew/Cellar/avr-gcc@9/9.4.0/lib/avr-gcc/9/gcc/avr/9.4.0/../../../../../../avr/lib/avr5/libatmega32u4.a(eeupd_byte.o)
eeprom_write_byte                                 /opt/homebrew/Cellar/avr-gcc@9/9.4.0/lib/avr-gcc/9/gcc/avr/9.4.0/../../../../../../avr/lib/avr5/libatmega32u4.a(eewr_byte.o)
                                                  obj/TestAndMeasurement.o
eeprom_write_r18                                  /opt/homebrew/Cellar/avr-gcc@9/9.4.0/lib/avr-gcc/9/gcc/avr/9.4.0/../../../../../../avr/lib/avr5/libatmega32u4.a(eewr_byte.o)
exit                                              /opt/homebrew/Cellar/avr-gcc@9/9.4.0/lib/avr-gcc/9/gcc/avr/9.4.0/avr5/libgcc.a(_exit.o)
                                                  /opt/homebrew/Cellar/avr-gcc@9/9.4.0/lib/avr-gcc/9/gcc/avr/9.4.0/../../../../../../avr/lib/avr5/crtatmega32u4.o
findGpibdevice                                    obj/TestAndMeasurement.o
gpib_gotoLocal                                    obj/gpib.o
                                                  obj/TestAndMeasurement.o
gpib_init                                         obj/gpib.o
                                                  obj/TestAndMeasurement.o
gpib_interface_clear                              obj/gpib.o
                                                  obj/TestAndMeasurement.o
gpib_is_connected                                 obj/gpib.o
                                                  obj/TestAndMeasurement.o
gpib_localLockout                                 obj/gpib.o
                                                  obj/TestAndMeasurement.o
gpib_make_listener                                obj/gpib.o
                                                  obj/TestAndMeasurement.o
gpib_make_talker                                  obj/gpib.o
                                                  obj/TestAndMeasurement.o
gpib_readStatusByte                               obj/gpib.o
                                                  obj/TestAndMeasurement.o
gpib_readdat                                      obj/gpib.o
                                                  obj/TestAndMeasurement.o
gpib_ren                                          obj/gpib.o
                                                  obj/TestAndMeasurement.o
gpib_search                                       obj/gpib.o
                                                  obj/TestAndMeasurement.o
gpib_set_readtermination                          obj/gpib.o
                                                  obj/TestAndMeasurement.o
gpib_trigger                                      obj/gpib.o
                                                  obj/TestAndMeasurement.o
gpib_untalk_unlisten                              obj/gpib.o
                                                  obj/TestAndMeasurement.o
gpib_writedat                                     obj/gpib.o
                                                  obj/TestAndMeasurement.o
identifyGpibDevice                                obj/TestAndMeasurement.o
is_timedout                                       obj/TestAndMeasurement.o
main                                              obj/TestAndMeasurement.o
                                                  /opt/homebrew/Cellar/avr-gcc@9/9.4.0/lib/avr-gcc/9/gcc/avr/9.4.0/../../../../../../avr/lib/avr5/crtatmega32u4.o
memcmp                                            /opt/homebrew/Cellar/avr-gcc@9/9.4.0/lib/avr-gcc/9/gcc/avr/9.4.0/../../../../../../avr/lib/avr5/libc.a(memcmp.o)
                                                  obj/HIDClassDevice.o
memcpy                                            /opt/homebrew/Cellar/avr-gcc@9/9.4.0/lib/avr-gcc/9/gcc/avr/9.4.0/../../../../../../avr/lib/avr5/libc.a(memcpy.o)
                                                  obj/RNDISClassDevice.o
                                                  obj/HIDClassDevice.o
                                                  obj/TestAndMeasurement.o
memcpy_P                                          /opt/homebrew/Cellar/avr-gcc@9/9.4.0/lib/avr-gcc/9/gcc/avr/9.4.0/../../../../../../avr/lib/avr5/libc.a(memcpy_P.o)
                                                  obj/RNDISClassDevice.o
memset                                            /opt/homebrew/Cellar/avr-gcc@9/9.4.0/lib/avr-gcc/9/gcc/avr/9.4.0/../../../../../../avr/lib/avr5/libc.a(memset.o)
                                                  obj/HIDClassDevice.o
timeout_start                                     obj/TestAndMeasurement.o
timeout_val                                       obj/TestAndMeasurement.o
tmc_gpib_read_timedout                            obj/TestAndMeasurement.o
tmc_gpib_write_timedout                           obj/TestAndMeasurement.o
tmc_serial_string                                 obj/Descriptors.o
                                                  obj/TestAndMeasurement.o
