Archive member included to satisfy reference by file (symbol)

/usr/lib/gcc/avr/5.4.0/avr5/libgcc.a(_udivmodqi4.o)
                              obj/TestAndMeasurement.o (__udivmodqi4)
/usr/lib/gcc/avr/5.4.0/avr5/libgcc.a(_exit.o)
                              /usr/lib/gcc/avr/5.4.0/../../../avr/lib/avr5/crtatmega32u4.o (exit)
/usr/lib/gcc/avr/5.4.0/avr5/libgcc.a(_copy_data.o)
                              obj/TestAndMeasurement.o (__do_copy_data)
/usr/lib/gcc/avr/5.4.0/avr5/libgcc.a(_clear_bss.o)
                              obj/TestAndMeasurement.o (__do_clear_bss)
/usr/lib/gcc/avr/5.4.0/../../../avr/lib/avr5/libc.a(memcpy_P.o)
                              obj/RNDISClassDevice.o (memcpy_P)
/usr/lib/gcc/avr/5.4.0/../../../avr/lib/avr5/libc.a(strlen_P.o)
                              obj/CDCClassDevice.o (__strlen_P)
/usr/lib/gcc/avr/5.4.0/../../../avr/lib/avr5/libc.a(memcmp.o)
                              obj/HIDClassDevice.o (memcmp)
/usr/lib/gcc/avr/5.4.0/../../../avr/lib/avr5/libc.a(memcpy.o)
                              obj/TestAndMeasurement.o (memcpy)
/usr/lib/gcc/avr/5.4.0/../../../avr/lib/avr5/libc.a(memset.o)
                              obj/HIDClassDevice.o (memset)
/usr/lib/gcc/avr/5.4.0/../../../avr/lib/avr5/libatmega32u4.a(eerd_byte.o)
                              obj/TestAndMeasurement.o (eeprom_read_byte)
/usr/lib/gcc/avr/5.4.0/../../../avr/lib/avr5/libatmega32u4.a(eeupd_byte.o)
                              obj/EndpointStream_AVR8.o (eeprom_update_byte)
/usr/lib/gcc/avr/5.4.0/../../../avr/lib/avr5/libatmega32u4.a(eewr_byte.o)
                              obj/TestAndMeasurement.o (eeprom_write_byte)

Allocating common symbols
Common symbol       size              file

tmc_serial_string   0x66              obj/Descriptors.o
USB_IsInitialized   0x1               obj/USBTask.o
USB_DeviceState     0x1               obj/USBTask.o
timeout_val         0x4               obj/TestAndMeasurement.o
USB_Device_ConfigurationNumber
                    0x1               obj/DeviceStandardReq.o
USB_Device_CurrentlySelfPowered
                    0x1               obj/DeviceStandardReq.o
USB_ControlRequest  0x8               obj/USBTask.o
TMC_eom             0x1               obj/TestAndMeasurement.o
USB_Device_RemoteWakeupEnabled
                    0x1               obj/DeviceStandardReq.o

Discarded input sections

 .data          0x0000000000000000        0x0 /usr/lib/gcc/avr/5.4.0/../../../avr/lib/avr5/crtatmega32u4.o
 .bss           0x0000000000000000        0x0 /usr/lib/gcc/avr/5.4.0/../../../avr/lib/avr5/crtatmega32u4.o
 .text          0x0000000000000000        0x0 obj/TestAndMeasurement.o
 .text.timeout_start
                0x0000000000000000       0x12 obj/TestAndMeasurement.o
 .text          0x0000000000000000        0x0 obj/Descriptors.o
 .data          0x0000000000000000        0x0 obj/Descriptors.o
 .bss           0x0000000000000000        0x0 obj/Descriptors.o
 .text          0x0000000000000000        0x0 obj/gpib.o
 .data          0x0000000000000000        0x0 obj/gpib.o
 .text          0x0000000000000000        0x0 obj/HIDParser.o
 .data          0x0000000000000000        0x0 obj/HIDParser.o
 .bss           0x0000000000000000        0x0 obj/HIDParser.o
 .text.USB_ProcessHIDReport
                0x0000000000000000      0x6cc obj/HIDParser.o
 .text.USB_GetHIDReportItemInfo
                0x0000000000000000       0xbc obj/HIDParser.o
 .text.USB_SetHIDReportItemInfo
                0x0000000000000000       0xc0 obj/HIDParser.o
 .text.USB_GetHIDReportSize
                0x0000000000000000       0x56 obj/HIDParser.o
 .debug_info    0x0000000000000000      0x735 obj/HIDParser.o
 .debug_abbrev  0x0000000000000000      0x218 obj/HIDParser.o
 .debug_loc     0x0000000000000000      0xadb obj/HIDParser.o
 .debug_aranges
                0x0000000000000000       0x38 obj/HIDParser.o
 .debug_ranges  0x0000000000000000       0xd0 obj/HIDParser.o
 .debug_line    0x0000000000000000      0x57e obj/HIDParser.o
 .debug_str     0x0000000000000000      0x6ac obj/HIDParser.o
 .comment       0x0000000000000000       0x12 obj/HIDParser.o
 .debug_frame   0x0000000000000000      0x11c obj/HIDParser.o
 .text          0x0000000000000000        0x0 obj/Device_AVR8.o
 .data          0x0000000000000000        0x0 obj/Device_AVR8.o
 .bss           0x0000000000000000        0x0 obj/Device_AVR8.o
 .text.USB_Device_SendRemoteWakeup
                0x0000000000000000       0x2c obj/Device_AVR8.o
 .debug_info    0x0000000000000000       0xce obj/Device_AVR8.o
 .debug_abbrev  0x0000000000000000       0x7e obj/Device_AVR8.o
 .debug_aranges
                0x0000000000000000       0x20 obj/Device_AVR8.o
 .debug_ranges  0x0000000000000000       0x10 obj/Device_AVR8.o
 .debug_line    0x0000000000000000      0x128 obj/Device_AVR8.o
 .debug_str     0x0000000000000000      0x1e8 obj/Device_AVR8.o
 .comment       0x0000000000000000       0x12 obj/Device_AVR8.o
 .debug_frame   0x0000000000000000       0x24 obj/Device_AVR8.o
[...]
Memory Configuration

Name             Origin             Length             Attributes
text             0x0000000000000000 0x0000000000008000 xr
data             0x0000000000800100 0x0000000000000a00 rw !x
eeprom           0x0000000000810000 0x0000000000000400 rw !x
fuse             0x0000000000820000 0x0000000000000003 rw !x
lock             0x0000000000830000 0x0000000000000400 rw !x
signature        0x0000000000840000 0x0000000000000400 rw !x
user_signatures  0x0000000000850000 0x0000000000000400 rw !x
*default*        0x0000000000000000 0xffffffffffffffff

Linker script and memory map

Address of section .data set to 0x800100
LOAD /usr/lib/gcc/avr/5.4.0/../../../avr/lib/avr5/crtatmega32u4.o
LOAD obj/TestAndMeasurement.o
LOAD obj/Descriptors.o
LOAD obj/gpib.o
LOAD obj/HIDParser.o
LOAD obj/Device_AVR8.o
LOAD obj/EndpointStream_AVR8.o
LOAD obj/Endpoint_AVR8.o
LOAD obj/Host_AVR8.o
LOAD obj/PipeStream_AVR8.o
LOAD obj/Pipe_AVR8.o
LOAD obj/USBController_AVR8.o
LOAD obj/USBInterrupt_AVR8.o
LOAD obj/ConfigDescriptors.o
LOAD obj/DeviceStandardReq.o
LOAD obj/Events.o
LOAD obj/HostStandardReq.o
LOAD obj/USBTask.o
LOAD obj/AudioClassDevice.o
LOAD obj/CCIDClassDevice.o
LOAD obj/CDCClassDevice.o
LOAD obj/HIDClassDevice.o
LOAD obj/MassStorageClassDevice.o
LOAD obj/MIDIClassDevice.o
LOAD obj/PrinterClassDevice.o
LOAD obj/RNDISClassDevice.o
LOAD obj/AndroidAccessoryClassHost.o
LOAD obj/AudioClassHost.o
LOAD obj/CDCClassHost.o
LOAD obj/HIDClassHost.o
LOAD obj/MassStorageClassHost.o
LOAD obj/MIDIClassHost.o
LOAD obj/PrinterClassHost.o
LOAD obj/RNDISClassHost.o
LOAD obj/StillImageClassHost.o
LOAD /usr/lib/gcc/avr/5.4.0/../../../avr/lib/avr5/libm.a
START GROUP
LOAD /usr/lib/gcc/avr/5.4.0/avr5/libgcc.a
LOAD /usr/lib/gcc/avr/5.4.0/../../../avr/lib/avr5/libm.a
LOAD /usr/lib/gcc/avr/5.4.0/../../../avr/lib/avr5/libc.a
LOAD /usr/lib/gcc/avr/5.4.0/../../../avr/lib/avr5/libatmega32u4.a
END GROUP
                0x0000000000000000                __TEXT_REGION_ORIGIN__ = DEFINED (__TEXT_REGION_ORIGIN__)?__TEXT_REGION_ORIGIN__:0x0
                [0x0000000000800100]                __DATA_REGION_ORIGIN__ = DEFINED (__DATA_REGION_ORIGIN__)?__DATA_REGION_ORIGIN__:0x800060
                [0x0000000000008000]                __TEXT_REGION_LENGTH__ = DEFINED (__TEXT_REGION_LENGTH__)?__TEXT_REGION_LENGTH__:0x20000
                [0x0000000000000a00]                __DATA_REGION_LENGTH__ = DEFINED (__DATA_REGION_LENGTH__)?__DATA_REGION_LENGTH__:0xffa0
                [0x0000000000000400]                __EEPROM_REGION_LENGTH__ = DEFINED (__EEPROM_REGION_LENGTH__)?__EEPROM_REGION_LENGTH__:0x10000
                [0x0000000000000003]                __FUSE_REGION_LENGTH__ = DEFINED (__FUSE_REGION_LENGTH__)?__FUSE_REGION_LENGTH__:0x400
                0x0000000000000400                __LOCK_REGION_LENGTH__ = DEFINED (__LOCK_REGION_LENGTH__)?__LOCK_REGION_LENGTH__:0x400
                0x0000000000000400                __SIGNATURE_REGION_LENGTH__ = DEFINED (__SIGNATURE_REGION_LENGTH__)?__SIGNATURE_REGION_LENGTH__:0x400
                0x0000000000000400                __USER_SIGNATURE_REGION_LENGTH__ = DEFINED (__USER_SIGNATURE_REGION_LENGTH__)?__USER_SIGNATURE_REGION_LENGTH__:0x400

.hash
 *(.hash)

.dynsym
 *(.dynsym)

.dynstr
 *(.dynstr)

.gnu.version
 *(.gnu.version)

.gnu.version_d
 *(.gnu.version_d)

.gnu.version_r
 *(.gnu.version_r)

.rel.init
 *(.rel.init)

.rela.init
 *(.rela.init)

.rel.text
 *(.rel.text)
 *(.rel.text.*)
 *(.rel.gnu.linkonce.t*)

.rela.text
 *(.rela.text)
 *(.rela.text.*)
 *(.rela.gnu.linkonce.t*)

.rel.fini
 *(.rel.fini)

.rela.fini
 *(.rela.fini)

.rel.rodata
 *(.rel.rodata)
 *(.rel.rodata.*)
 *(.rel.gnu.linkonce.r*)

.rela.rodata
 *(.rela.rodata)
 *(.rela.rodata.*)
 *(.rela.gnu.linkonce.r*)

.rel.data
 *(.rel.data)
 *(.rel.data.*)
 *(.rel.gnu.linkonce.d*)

.rela.data
 *(.rela.data)
 *(.rela.data.*)
 *(.rela.gnu.linkonce.d*)

.rel.ctors
 *(.rel.ctors)

.rela.ctors
 *(.rela.ctors)

.rel.dtors
 *(.rel.dtors)

.rela.dtors
 *(.rela.dtors)

.rel.got
 *(.rel.got)

.rela.got
 *(.rela.got)

.rel.bss
 *(.rel.bss)

.rela.bss
 *(.rela.bss)

.rel.plt
 *(.rel.plt)

.rela.plt
 *(.rela.plt)

.text           0x0000000000000000     0x2138
 *(.vectors)
 .vectors       0x0000000000000000       0xac /usr/lib/gcc/avr/5.4.0/../../../avr/lib/avr5/crtatmega32u4.o
                0x0000000000000000                __vectors
                0x0000000000000000                __vector_default
 *(.vectors)
 *(.progmem.gcc*)
                0x00000000000000ac                . = ALIGN (0x2)
                0x00000000000000ac                __trampolines_start = .
 *(.trampolines)
 .trampolines   0x00000000000000ac        0x0 linker stubs
 *(.trampolines*)
                0x00000000000000ac                __trampolines_end = .
 *libprintf_flt.a:*(.progmem.data)
 *libc.a:*(.progmem.data)
 *(.progmem*)
 .progmem.data  0x00000000000000ac       0x67 obj/Descriptors.o
                0x00000000000000ac                ProductString
                0x00000000000000be                ManufacturerString
                0x00000000000000d6                LanguageString
                0x00000000000000da                ConfigurationDescriptor
                0x0000000000000101                DeviceDescriptor
                0x0000000000000114                . = ALIGN (0x2)
 *fill*         0x0000000000000113        0x1 
 *(.jumptables)
 *(.jumptables*)
 *(.lowtext)
 *(.lowtext*)
                0x0000000000000114                __ctors_start = .
 *(.ctors)
                0x0000000000000114                __ctors_end = .
                0x0000000000000114                __dtors_start = .
 *(.dtors)
                0x0000000000000114                __dtors_end = .
 SORT(*)(.ctors)
 SORT(*)(.dtors)
 *(.init0)
 .init0         0x0000000000000114        0x0 /usr/lib/gcc/avr/5.4.0/../../../avr/lib/avr5/crtatmega32u4.o
                0x0000000000000114                __init
 *(.init0)
 *(.init1)
 *(.init1)
 *(.init2)
 .init2         0x0000000000000114        0xc /usr/lib/gcc/avr/5.4.0/../../../avr/lib/avr5/crtatmega32u4.o
 *(.init2)
 *(.init3)
 *(.init3)
 *(.init4)
 .init4         0x0000000000000120       0x16 /usr/lib/gcc/avr/5.4.0/avr5/libgcc.a(_copy_data.o)
                0x0000000000000120                __do_copy_data
 .init4         0x0000000000000136       0x10 /usr/lib/gcc/avr/5.4.0/avr5/libgcc.a(_clear_bss.o)
                0x0000000000000136                __do_clear_bss
 *(.init4)
 *(.init5)
 *(.init5)
 *(.init6)
 *(.init6)
 *(.init7)
 *(.init7)
 *(.init8)
 *(.init8)
 *(.init9)
 .init9         0x0000000000000146        0x6 /usr/lib/gcc/avr/5.4.0/../../../avr/lib/avr5/crtatmega32u4.o
 *(.init9)
 *(.text)
 .text          0x000000000000014c        0x2 /usr/lib/gcc/avr/5.4.0/../../../avr/lib/avr5/crtatmega32u4.o
                0x000000000000014c                __vector_38
                0x000000000000014c                __vector_22
                0x000000000000014c                __vector_28
                0x000000000000014c                __vector_1
                0x000000000000014c                __vector_32
                0x000000000000014c                __vector_34
                0x000000000000014c                __vector_24
                0x000000000000014c                __vector_12
                0x000000000000014c                __bad_interrupt
                0x000000000000014c                __vector_6
                0x000000000000014c                __vector_31
                0x000000000000014c                __vector_35
                0x000000000000014c                __vector_39
                0x000000000000014c                __vector_3
                0x000000000000014c                __vector_30
                0x000000000000014c                __vector_25
                0x000000000000014c                __vector_13
                0x000000000000014c                __vector_17
                0x000000000000014c                __vector_19
                0x000000000000014c                __vector_7
                0x000000000000014c                __vector_41
                0x000000000000014c                __vector_27
                0x000000000000014c                __vector_5
                0x000000000000014c                __vector_33
                0x000000000000014c                __vector_37
                0x000000000000014c                __vector_4
                0x000000000000014c                __vector_9
                0x000000000000014c                __vector_2
                0x000000000000014c                __vector_21
                0x000000000000014c                __vector_15
                0x000000000000014c                __vector_36
                0x000000000000014c                __vector_29
                0x000000000000014c                __vector_40
                0x000000000000014c                __vector_8
                0x000000000000014c                __vector_26
                0x000000000000014c                __vector_14
                0x000000000000014c                __vector_16
                0x000000000000014c                __vector_18
                0x000000000000014c                __vector_20
                0x000000000000014c                __vector_42
                0x000000000000014e                . = ALIGN (0x2)
 *(.text.*)
 .text.TMC_SetInternalSerial
                0x000000000000014e       0xd4 obj/TestAndMeasurement.o
 .text.charToval
                0x0000000000000222       0x26 obj/TestAndMeasurement.o
 .text.is_timedout
                0x0000000000000248       0x3e obj/TestAndMeasurement.o
                0x0000000000000248                is_timedout
 .text.tmc_gpib_write_timedout
                0x0000000000000286       0x10 obj/TestAndMeasurement.o
                0x0000000000000286                tmc_gpib_write_timedout
 .text.tmc_gpib_read_timedout
                0x0000000000000296       0x10 obj/TestAndMeasurement.o
                0x0000000000000296                tmc_gpib_read_timedout
 .text.Jump_To_Bootloader
                0x00000000000002a6       0x46 obj/TestAndMeasurement.o
                0x00000000000002a6                Jump_To_Bootloader
 .text.findGpibdevice
                0x00000000000002ec       0x16 obj/TestAndMeasurement.o
                0x00000000000002ec                findGpibdevice
 .text.useResponseAsSn
                0x0000000000000302      0x186 obj/TestAndMeasurement.o
                0x0000000000000302                useResponseAsSn
 .text.identifyGpibDevice
                0x0000000000000488       0x4a obj/TestAndMeasurement.o
                0x0000000000000488                identifyGpibDevice
 .text.check_bootloaderEntry
                0x00000000000004d2        0x6 obj/TestAndMeasurement.o
                0x00000000000004d2                check_bootloaderEntry
 .text.eeprom_update_if_changed
                0x00000000000004d8       0x32 obj/TestAndMeasurement.o
                0x00000000000004d8                eeprom_update_if_changed
 .text.SetupHardware
                0x000000000000050a       0x46 obj/TestAndMeasurement.o
                0x000000000000050a                SetupHardware
 .text.EVENT_USB_Device_Connect
                0x0000000000000550        0x2 obj/TestAndMeasurement.o
                0x0000000000000550                EVENT_USB_Device_Connect
 .text.EVENT_USB_Device_Disconnect
                0x0000000000000552        0x2 obj/TestAndMeasurement.o
                0x0000000000000552                EVENT_USB_Device_Disconnect
 .text.EVENT_USB_Device_ConfigurationChanged
                0x0000000000000554       0x1e obj/TestAndMeasurement.o
                0x0000000000000554                EVENT_USB_Device_ConfigurationChanged
 .text.InternalConfigSet
                0x0000000000000572       0x3e obj/TestAndMeasurement.o
                0x0000000000000572                InternalConfigSet
 .text.InternalConfigGet
                0x00000000000005b0       0x36 obj/TestAndMeasurement.o
                0x00000000000005b0                InternalConfigGet
 .text.EVENT_USB_Device_ControlRequest
                0x00000000000005e6      0x3b8 obj/TestAndMeasurement.o
                0x00000000000005e6                EVENT_USB_Device_ControlRequest
 .text.ProcessInternalCommand
                0x000000000000099e       0x3e obj/TestAndMeasurement.o
                0x000000000000099e                ProcessInternalCommand
 .text.ProcessSentMessage
                0x00000000000009dc       0x9a obj/TestAndMeasurement.o
                0x00000000000009dc                ProcessSentMessage
 .text.GetNextMessage
                0x0000000000000a76       0xca obj/TestAndMeasurement.o
                0x0000000000000a76                GetNextMessage
 .text.TMC_resetstates
                0x0000000000000b40       0x1c obj/TestAndMeasurement.o
                0x0000000000000b40                TMC_resetstates
 .text.ReadTMCHeader
                0x0000000000000b5c       0x64 obj/TestAndMeasurement.o
                0x0000000000000b5c                ReadTMCHeader
 .text.WriteTMCHeader
                0x0000000000000bc0       0x60 obj/TestAndMeasurement.o
                0x0000000000000bc0                WriteTMCHeader
 .text.TMC_Task
                0x0000000000000c20      0x38a obj/TestAndMeasurement.o
                0x0000000000000c20                TMC_Task
 .text.startup.main
                0x0000000000000faa      0x19e obj/TestAndMeasurement.o
                0x0000000000000faa                main
 .text.CALLBACK_USB_GetDescriptor
                0x0000000000001148       0x7c obj/Descriptors.o
                0x0000000000001148                CALLBACK_USB_GetDescriptor
 .text.is_timedout
                0x00000000000011c4       0x26 obj/gpib.o
 .text.__vector_23
                0x00000000000011ea       0x5e obj/gpib.o
                0x00000000000011ea                __vector_23
 .text.gpib_is_connected
                0x0000000000001248        0xe obj/gpib.o
                0x0000000000001248                gpib_is_connected
 .text.gpib_ren
                0x0000000000001256        0xc obj/gpib.o
                0x0000000000001256                gpib_ren
 .text.gpib_interface_clear
                0x0000000000001262       0x28 obj/gpib.o
                0x0000000000001262                gpib_interface_clear
 .text.gpib_init
                0x000000000000128a       0x50 obj/gpib.o
                0x000000000000128a                gpib_init
 .text.gpib_tx  0x00000000000012da       0x5a obj/gpib.o
 .text.gpib_cmd_TAG
                0x0000000000001334       0x2e obj/gpib.o
 .text.gpib_cmd_LAG
                0x0000000000001362       0x2e obj/gpib.o
 .text.gpib_cmd_UNL
                0x0000000000001390        0x8 obj/gpib.o
 .text.gpib_trigger
                0x0000000000001398       0x2a obj/gpib.o
                0x0000000000001398                gpib_trigger
 .text.gpib_gotoLocal
                0x00000000000013c2       0x28 obj/gpib.o
                0x00000000000013c2                gpib_gotoLocal
 .text.gpib_localLockout
                0x00000000000013ea       0x16 obj/gpib.o
                0x00000000000013ea                gpib_localLockout
 .text.gpib_readdat
                0x0000000000001400       0x94 obj/gpib.o
                0x0000000000001400                gpib_readdat
 .text.gpib_readStatusByte
                0x0000000000001494       0x82 obj/gpib.o
                0x0000000000001494                gpib_readStatusByte
 .text.gpib_untalk_unlisten
                0x0000000000001516       0x28 obj/gpib.o
                0x0000000000001516                gpib_untalk_unlisten
 .text.gpib_make_talker
                0x000000000000153e       0x38 obj/gpib.o
                0x000000000000153e                gpib_make_talker
 .text.gpib_make_listener
                0x0000000000001576       0x40 obj/gpib.o
                0x0000000000001576                gpib_make_listener
 .text.gpib_writedat
                0x00000000000015b6        0xc obj/gpib.o
                0x00000000000015b6                gpib_writedat
 .text.gpib_set_readtermination
                0x00000000000015c2       0x14 obj/gpib.o
                0x00000000000015c2                gpib_set_readtermination
 .text.gpib_search
                0x00000000000015d6       0xb8 obj/gpib.o
                0x00000000000015d6                gpib_search
 .text.Endpoint_Write_Stream_LE
                0x000000000000168e       0x92 obj/EndpointStream_AVR8.o
                0x000000000000168e                Endpoint_Write_Stream_LE
 .text.Endpoint_Read_Stream_LE
                0x0000000000001720       0x92 obj/EndpointStream_AVR8.o
                0x0000000000001720                Endpoint_Read_Stream_LE
 .text.Endpoint_Write_Control_Stream_LE
                0x00000000000017b2       0xbc obj/EndpointStream_AVR8.o
                0x00000000000017b2                Endpoint_Write_Control_Stream_LE
 .text.Endpoint_Write_Control_PStream_LE
                0x000000000000186e       0xc2 obj/EndpointStream_AVR8.o
                0x000000000000186e                Endpoint_Write_Control_PStream_LE
 .text.Endpoint_Write_Control_EStream_LE
                0x0000000000001930       0xf2 obj/EndpointStream_AVR8.o
                0x0000000000001930                Endpoint_Write_Control_EStream_LE
 .text.Endpoint_ConfigureEndpoint_Prv
                0x0000000000001a22       0x6a obj/Endpoint_AVR8.o
                0x0000000000001a22                Endpoint_ConfigureEndpoint_Prv
 .text.Endpoint_ClearStatusStage
                0x0000000000001a8c       0x3e obj/Endpoint_AVR8.o
                0x0000000000001a8c                Endpoint_ClearStatusStage
 .text.Endpoint_WaitUntilReady
                0x0000000000001aca       0x66 obj/Endpoint_AVR8.o
                0x0000000000001aca                Endpoint_WaitUntilReady
 .text.USB_Disable
                0x0000000000001b30       0x30 obj/USBController_AVR8.o
                0x0000000000001b30                USB_Disable
 .text.USB_ResetInterface
                0x0000000000001b60       0x80 obj/USBController_AVR8.o
                0x0000000000001b60                USB_ResetInterface
 .text.USB_Init
                0x0000000000001be0       0x20 obj/USBController_AVR8.o
                0x0000000000001be0                USB_Init
 .text.USB_INT_DisableAllInterrupts
                0x0000000000001c00       0x10 obj/USBInterrupt_AVR8.o
                0x0000000000001c00                USB_INT_DisableAllInterrupts
 .text.USB_INT_ClearAllInterrupts
                0x0000000000001c10        0xa obj/USBInterrupt_AVR8.o
                0x0000000000001c10                USB_INT_ClearAllInterrupts
 .text.__vector_10
                0x0000000000001c1a      0x19a obj/USBInterrupt_AVR8.o
                0x0000000000001c1a                __vector_10
 .text.__vector_11
                0x0000000000001db4       0x86 obj/USBInterrupt_AVR8.o
                0x0000000000001db4                __vector_11
 .text.USB_Device_ProcessControlRequest
                0x0000000000001e3a      0x26e obj/DeviceStandardReq.o
                0x0000000000001e3a                USB_Device_ProcessControlRequest
 .text.USB_Event_Stub
                0x00000000000020a8        0x2 obj/Events.o
                0x00000000000020a8                EVENT_USB_Device_WakeUp
                0x00000000000020a8                USB_Event_Stub
                0x00000000000020a8                EVENT_USB_Device_Suspend
                0x00000000000020a8                EVENT_USB_Device_StartOfFrame
                0x00000000000020a8                EVENT_USB_Device_Reset
 .text.USB_USBTask
                0x00000000000020aa       0x34 obj/USBTask.o
                0x00000000000020aa                USB_USBTask
 .text.libgcc.div
                0x00000000000020de       0x18 /usr/lib/gcc/avr/5.4.0/avr5/libgcc.a(_udivmodqi4.o)
                0x00000000000020de                __udivmodqi4
 .text.avr-libc
                0x00000000000020f6       0x12 /usr/lib/gcc/avr/5.4.0/../../../avr/lib/avr5/libc.a(memcpy.o)
                0x00000000000020f6                memcpy
 .text.avr-libc
                0x0000000000002108       0x10 /usr/lib/gcc/avr/5.4.0/../../../avr/lib/avr5/libatmega32u4.a(eerd_byte.o)
                0x0000000000002108                eeprom_read_byte
 .text.avr-libc
                0x0000000000002118       0x1c /usr/lib/gcc/avr/5.4.0/../../../avr/lib/avr5/libatmega32u4.a(eewr_byte.o)
                0x0000000000002118                eeprom_write_byte
                0x000000000000211a                eeprom_write_r18
                0x0000000000002134                . = ALIGN (0x2)
 *(.fini9)
 .fini9         0x0000000000002134        0x0 /usr/lib/gcc/avr/5.4.0/avr5/libgcc.a(_exit.o)
                0x0000000000002134                exit
                0x0000000000002134                _exit
 *(.fini9)
 *(.fini8)
 *(.fini8)
 *(.fini7)
 *(.fini7)
 *(.fini6)
 *(.fini6)
 *(.fini5)
 *(.fini5)
 *(.fini4)
 *(.fini4)
 *(.fini3)
 *(.fini3)
 *(.fini2)
 *(.fini2)
 *(.fini1)
 *(.fini1)
 *(.fini0)
 .fini0         0x0000000000002134        0x4 /usr/lib/gcc/avr/5.4.0/avr5/libgcc.a(_exit.o)
 *(.fini0)
                0x0000000000002138                _etext = .

.data           0x0000000000800100       0x2c load address 0x0000000000002138
                0x0000000000800100                PROVIDE (__data_start, .)
 *(.data)
 .data          0x0000000000800100       0x1b obj/TestAndMeasurement.o
                0x0000000000800100                TMC_InLastMessageComplete
                0x0000000000800101                TMC_LastMessageComplete
                0x0000000000800103                Capabilities
 *(.data*)
 *(.gnu.linkonce.d*)
 *(.rodata)
 *(.rodata*)
 .rodata.str1.1
                0x000000000080011b       0x11 obj/TestAndMeasurement.o
 *(.gnu.linkonce.r*)
                0x000000000080012c                . = ALIGN (0x2)
                0x000000000080012c                _edata = .
                0x000000000080012c                PROVIDE (__data_end, .)

.bss            0x000000000080012c       0xd1
                0x000000000080012c                PROVIDE (__bss_start, .)
 *(.bss)
 .bss           0x000000000080012c       0x51 obj/TestAndMeasurement.o
                0x000000000080012c                dbg
                0x000000000080012e                cnt
 .bss           0x000000000080017d        0x8 obj/gpib.o
 *(.bss*)
 *(COMMON)
 COMMON         0x0000000000800185        0x5 obj/TestAndMeasurement.o
                0x0000000000800185                timeout_val
                0x0000000000800189                TMC_eom
 COMMON         0x000000000080018a       0x66 obj/Descriptors.o
                0x000000000080018a                tmc_serial_string
 COMMON         0x00000000008001f0        0x3 obj/DeviceStandardReq.o
                0x00000000008001f0                USB_Device_ConfigurationNumber
                0x00000000008001f1                USB_Device_CurrentlySelfPowered
                0x00000000008001f2                USB_Device_RemoteWakeupEnabled
 COMMON         0x00000000008001f3        0xa obj/USBTask.o
                0x00000000008001f3                USB_IsInitialized
                0x00000000008001f4                USB_DeviceState
                0x00000000008001f5                USB_ControlRequest
                0x00000000008001fd                PROVIDE (__bss_end, .)
                0x0000000000002138                __data_load_start = LOADADDR (.data)
                0x0000000000002164                __data_load_end = (__data_load_start + SIZEOF (.data))

.noinit         0x00000000008001fd        0x0
                [!provide]                        PROVIDE (__noinit_start, .)
 *(.noinit*)
                [!provide]                        PROVIDE (__noinit_end, .)
                0x00000000008001fd                _end = .
                [!provide]                        PROVIDE (__heap_start, .)

.eeprom         0x0000000000810000        0x0
 *(.eeprom*)
                0x0000000000810000                __eeprom_end = .

.fuse
 *(.fuse)
 *(.lfuse)
 *(.hfuse)
 *(.efuse)

.lock
 *(.lock*)

.signature
 *(.signature*)

.user_signatures
 *(.user_signatures*)

.stab
 *(.stab)

.stabstr
 *(.stabstr)

.stab.excl
 *(.stab.excl)

.stab.exclstr
 *(.stab.exclstr)

.stab.index
 *(.stab.index)

.stab.indexstr
 *(.stab.indexstr)

.comment        0x0000000000000000       0x11
 *(.comment)
 .comment       0x0000000000000000       0x11 obj/TestAndMeasurement.o
                                         0x12 (size before relaxing)
 .comment       0x0000000000000011       0x12 obj/Descriptors.o
 .comment       0x0000000000000011       0x12 obj/gpib.o
 .comment       0x0000000000000011       0x12 obj/EndpointStream_AVR8.o
 .comment       0x0000000000000011       0x12 obj/Endpoint_AVR8.o
 .comment       0x0000000000000011       0x12 obj/USBController_AVR8.o
 .comment       0x0000000000000011       0x12 obj/USBInterrupt_AVR8.o
 .comment       0x0000000000000011       0x12 obj/DeviceStandardReq.o
 .comment       0x0000000000000011       0x12 obj/Events.o
 .comment       0x0000000000000011       0x12 obj/USBTask.o

.note.gnu.avr.deviceinfo
                0x0000000000000000       0x40
 .note.gnu.avr.deviceinfo
                0x0000000000000000       0x40 /usr/lib/gcc/avr/5.4.0/../../../avr/lib/avr5/crtatmega32u4.o

.note.gnu.build-id
 *(.note.gnu.build-id)

.debug
 *(.debug)

.line
 *(.line)

.debug_srcinfo
 *(.debug_srcinfo)

.debug_sfnames
 *(.debug_sfnames)

.debug_aranges  0x0000000000000000      0x3a8
 *(.debug_aranges)
 .debug_aranges
                0x0000000000000000       0xe8 obj/TestAndMeasurement.o
 .debug_aranges
                0x00000000000000e8       0x20 obj/Descriptors.o
 .debug_aranges
                0x0000000000000108       0xc0 obj/gpib.o
 .debug_aranges
                0x00000000000001c8       0xc8 obj/EndpointStream_AVR8.o
 .debug_aranges
                0x0000000000000290       0x40 obj/Endpoint_AVR8.o
 .debug_aranges
                0x00000000000002d0       0x30 obj/USBController_AVR8.o
 .debug_aranges
                0x0000000000000300       0x38 obj/USBInterrupt_AVR8.o
 .debug_aranges
                0x0000000000000338       0x20 obj/DeviceStandardReq.o
 .debug_aranges
                0x0000000000000358       0x30 obj/Events.o
 .debug_aranges
                0x0000000000000388       0x20 obj/USBTask.o

.debug_pubnames
 *(.debug_pubnames)

.debug_info     0x0000000000000000     0x79ca
 *(.debug_info .gnu.linkonce.wi.*)
 .debug_info    0x0000000000000000      0x9f4 /usr/lib/gcc/avr/5.4.0/../../../avr/lib/avr5/crtatmega32u4.o
 .debug_info    0x00000000000009f4     0x23b7 obj/TestAndMeasurement.o
 .debug_info    0x0000000000002dab      0x655 obj/Descriptors.o
 .debug_info    0x0000000000003400      0xfb8 obj/gpib.o
 .debug_info    0x00000000000043b8     0x17b2 obj/EndpointStream_AVR8.o
 .debug_info    0x0000000000005b6a      0x61c obj/Endpoint_AVR8.o
 .debug_info    0x0000000000006186      0x4e3 obj/USBController_AVR8.o
 .debug_info    0x0000000000006669      0x7e3 obj/USBInterrupt_AVR8.o
 .debug_info    0x0000000000006e4c      0x836 obj/DeviceStandardReq.o
 .debug_info    0x0000000000007682       0xda obj/Events.o
 .debug_info    0x000000000000775c      0x26e obj/USBTask.o

.debug_abbrev   0x0000000000000000     0x1f93
 *(.debug_abbrev)
 .debug_abbrev  0x0000000000000000      0x96a /usr/lib/gcc/avr/5.4.0/../../../avr/lib/avr5/crtatmega32u4.o
 .debug_abbrev  0x000000000000096a      0x575 obj/TestAndMeasurement.o
 .debug_abbrev  0x0000000000000edf      0x159 obj/Descriptors.o
 .debug_abbrev  0x0000000000001038      0x36b obj/gpib.o
 .debug_abbrev  0x00000000000013a3      0x1e8 obj/EndpointStream_AVR8.o
 .debug_abbrev  0x000000000000158b      0x224 obj/Endpoint_AVR8.o
 .debug_abbrev  0x00000000000017af      0x18f obj/USBController_AVR8.o
 .debug_abbrev  0x000000000000193e      0x211 obj/USBInterrupt_AVR8.o
 .debug_abbrev  0x0000000000001b4f      0x244 obj/DeviceStandardReq.o
 .debug_abbrev  0x0000000000001d93       0x97 obj/Events.o
 .debug_abbrev  0x0000000000001e2a      0x169 obj/USBTask.o

.debug_line     0x0000000000000000     0x41d4
 *(.debug_line .debug_line.* .debug_line_end)
 .debug_line    0x0000000000000000       0x1a /usr/lib/gcc/avr/5.4.0/../../../avr/lib/avr5/crtatmega32u4.o
 .debug_line    0x000000000000001a     0x113f obj/TestAndMeasurement.o
 .debug_line    0x0000000000001159      0x1c3 obj/Descriptors.o
 .debug_line    0x000000000000131c      0x729 obj/gpib.o
 .debug_line    0x0000000000001a45     0x1416 obj/EndpointStream_AVR8.o
 .debug_line    0x0000000000002e5b      0x4cf obj/Endpoint_AVR8.o
 .debug_line    0x000000000000332a      0x325 obj/USBController_AVR8.o
 .debug_line    0x000000000000364f      0x573 obj/USBInterrupt_AVR8.o
 .debug_line    0x0000000000003bc2      0x3e3 obj/DeviceStandardReq.o
 .debug_line    0x0000000000003fa5       0xa5 obj/Events.o
 .debug_line    0x000000000000404a      0x18a obj/USBTask.o

.debug_frame    0x0000000000000000      0xb98
 *(.debug_frame)
 .debug_frame   0x0000000000000000      0x2f8 obj/TestAndMeasurement.o
 .debug_frame   0x00000000000002f8       0x24 obj/Descriptors.o
 .debug_frame   0x000000000000031c      0x258 obj/gpib.o
 .debug_frame   0x0000000000000574      0x3bc obj/EndpointStream_AVR8.o
 .debug_frame   0x0000000000000930       0x78 obj/Endpoint_AVR8.o
 .debug_frame   0x00000000000009a8       0x58 obj/USBController_AVR8.o
 .debug_frame   0x0000000000000a00       0xec obj/USBInterrupt_AVR8.o
 .debug_frame   0x0000000000000aec       0x3c obj/DeviceStandardReq.o
 .debug_frame   0x0000000000000b28       0x44 obj/Events.o
 .debug_frame   0x0000000000000b6c       0x2c obj/USBTask.o

.debug_str      0x0000000000000000     0x26d8
 *(.debug_str)
 .debug_str     0x0000000000000000      0x371 /usr/lib/gcc/avr/5.4.0/../../../avr/lib/avr5/crtatmega32u4.o
 .debug_str     0x0000000000000371      0xfa8 obj/TestAndMeasurement.o
                                       0x1041 (size before relaxing)
 .debug_str     0x0000000000001319      0x3f3 obj/Descriptors.o
                                        0x728 (size before relaxing)
 .debug_str     0x000000000000170c      0x14a obj/gpib.o
                                        0x4a6 (size before relaxing)
 .debug_str     0x0000000000001856      0x415 obj/EndpointStream_AVR8.o
                                        0x84a (size before relaxing)
 .debug_str     0x0000000000001c6b      0x263 obj/Endpoint_AVR8.o
                                        0x60a (size before relaxing)
 .debug_str     0x0000000000001ece      0x27d obj/USBController_AVR8.o
                                        0x549 (size before relaxing)
 .debug_str     0x000000000000214b      0x1bb obj/USBInterrupt_AVR8.o
                                        0x5c8 (size before relaxing)
 .debug_str     0x0000000000002306      0x316 obj/DeviceStandardReq.o
                                        0x838 (size before relaxing)
 .debug_str     0x000000000000261c       0x68 obj/Events.o
                                        0x1b8 (size before relaxing)
 .debug_str     0x0000000000002684       0x54 obj/USBTask.o
                                        0x36f (size before relaxing)

.debug_loc      0x0000000000000000     0x515d
 *(.debug_loc)
 .debug_loc     0x0000000000000000     0x15fc obj/TestAndMeasurement.o
 .debug_loc     0x00000000000015fc      0x26c obj/Descriptors.o
 .debug_loc     0x0000000000001868      0xe87 obj/gpib.o
 .debug_loc     0x00000000000026ef     0x1f65 obj/EndpointStream_AVR8.o
 .debug_loc     0x0000000000004654      0x38d obj/Endpoint_AVR8.o
 .debug_loc     0x00000000000049e1       0xd5 obj/USBController_AVR8.o
 .debug_loc     0x0000000000004ab6      0x3f4 obj/USBInterrupt_AVR8.o
 .debug_loc     0x0000000000004eaa      0x26a obj/DeviceStandardReq.o
 .debug_loc     0x0000000000005114       0x49 obj/USBTask.o

.debug_macinfo
 *(.debug_macinfo)

.debug_weaknames
 *(.debug_weaknames)

.debug_funcnames
 *(.debug_funcnames)

.debug_typenames
 *(.debug_typenames)

.debug_varnames
 *(.debug_varnames)

.debug_pubtypes
 *(.debug_pubtypes)

.debug_ranges   0x0000000000000000      0x4a8
 *(.debug_ranges)
 .debug_ranges  0x0000000000000000       0xd8 obj/TestAndMeasurement.o
 .debug_ranges  0x00000000000000d8       0x10 obj/Descriptors.o
 .debug_ranges  0x00000000000000e8       0xc8 obj/gpib.o
 .debug_ranges  0x00000000000001b0      0x1f8 obj/EndpointStream_AVR8.o
 .debug_ranges  0x00000000000003a8       0x78 obj/Endpoint_AVR8.o
 .debug_ranges  0x0000000000000420       0x20 obj/USBController_AVR8.o
 .debug_ranges  0x0000000000000440       0x28 obj/USBInterrupt_AVR8.o
 .debug_ranges  0x0000000000000468       0x10 obj/DeviceStandardReq.o
 .debug_ranges  0x0000000000000478       0x20 obj/Events.o
 .debug_ranges  0x0000000000000498       0x10 obj/USBTask.o

.debug_macro
 *(.debug_macro)
OUTPUT(TestAndMeasurement.elf elf32-avr)
LOAD linker stubs

Cross Reference Table

Symbol                                            File
Audio_Device_ConfigureEndpoints                   obj/AudioClassDevice.o
Audio_Device_Event_Stub                           obj/AudioClassDevice.o
Audio_Device_ProcessControlRequest                obj/AudioClassDevice.o
CALLBACK_Audio_Device_GetSetEndpointProperty      obj/AudioClassDevice.o
CALLBACK_Audio_Device_GetSetInterfaceProperty     obj/AudioClassDevice.o
CALLBACK_CCID_Abort                               obj/CCIDClassDevice.o
CALLBACK_CCID_GetParameters_T0                    obj/CCIDClassDevice.o
CALLBACK_CCID_GetSlotStatus                       obj/CCIDClassDevice.o
CALLBACK_CCID_IccPowerOff                         obj/CCIDClassDevice.o
CALLBACK_CCID_IccPowerOn                          obj/CCIDClassDevice.o
CALLBACK_CCID_SetParameters_T0                    obj/CCIDClassDevice.o
CALLBACK_CCID_XfrBlock                            obj/CCIDClassDevice.o
CALLBACK_HIDParser_FilterHIDReportItem            obj/HIDParser.o
CALLBACK_HID_Device_CreateHIDReport               obj/HIDClassDevice.o
CALLBACK_HID_Device_ProcessHIDReport              obj/HIDClassDevice.o
CALLBACK_MS_Device_SCSICommandReceived            obj/MassStorageClassDevice.o
CALLBACK_USB_GetDescriptor                        obj/Descriptors.o
                                                  obj/DeviceStandardReq.o
CCID_CheckStatusNoError                           obj/CCIDClassDevice.o
CCID_Device_ConfigureEndpoints                    obj/CCIDClassDevice.o
CCID_Device_ProcessControlRequest                 obj/CCIDClassDevice.o
CCID_Device_USBTask                               obj/CCIDClassDevice.o
CDC_Device_BytesReceived                          obj/CDCClassDevice.o
CDC_Device_ConfigureEndpoints                     obj/CDCClassDevice.o
CDC_Device_CreateBlockingStream                   obj/CDCClassDevice.o
CDC_Device_CreateStream                           obj/CDCClassDevice.o
CDC_Device_Event_Stub                             obj/CDCClassDevice.o
CDC_Device_Event_Stub_2                           obj/CDCClassDevice.o
CDC_Device_Flush                                  obj/CDCClassDevice.o
CDC_Device_ProcessControlRequest                  obj/CDCClassDevice.o
CDC_Device_ReceiveByte                            obj/CDCClassDevice.o
CDC_Device_SendByte                               obj/CDCClassDevice.o
CDC_Device_SendControlLineStateChange             obj/CDCClassDevice.o
CDC_Device_SendData                               obj/CDCClassDevice.o
CDC_Device_SendData_P                             obj/CDCClassDevice.o
CDC_Device_SendString                             obj/CDCClassDevice.o
CDC_Device_SendString_P                           obj/CDCClassDevice.o
CDC_Device_USBTask                                obj/CDCClassDevice.o
Capabilities                                      obj/TestAndMeasurement.o
ConfigurationDescriptor                           obj/Descriptors.o
DeviceDescriptor                                  obj/Descriptors.o
EVENT_Audio_Device_StreamStartStop                obj/AudioClassDevice.o
EVENT_CDC_Device_BreakSent                        obj/CDCClassDevice.o
EVENT_CDC_Device_ControLineStateChanged           obj/CDCClassDevice.o
EVENT_CDC_Device_LineEncodingChanged              obj/CDCClassDevice.o
EVENT_PRNT_Device_SoftReset                       obj/PrinterClassDevice.o
EVENT_USB_Device_ConfigurationChanged             obj/TestAndMeasurement.o
                                                  obj/DeviceStandardReq.o
EVENT_USB_Device_Connect                          obj/TestAndMeasurement.o
                                                  obj/USBInterrupt_AVR8.o
EVENT_USB_Device_ControlRequest                   obj/TestAndMeasurement.o
                                                  obj/DeviceStandardReq.o
EVENT_USB_Device_Disconnect                       obj/TestAndMeasurement.o
                                                  obj/USBInterrupt_AVR8.o
EVENT_USB_Device_Reset                            obj/Events.o
                                                  obj/USBInterrupt_AVR8.o
EVENT_USB_Device_StartOfFrame                     obj/Events.o
                                                  obj/USBInterrupt_AVR8.o
EVENT_USB_Device_Suspend                          obj/Events.o
                                                  obj/USBInterrupt_AVR8.o
EVENT_USB_Device_WakeUp                           obj/Events.o
                                                  obj/USBInterrupt_AVR8.o
Endpoint_ClearEndpoints                           obj/Endpoint_AVR8.o
Endpoint_ClearStatusStage                         obj/Endpoint_AVR8.o
                                                  obj/PrinterClassDevice.o
                                                  obj/MassStorageClassDevice.o
                                                  obj/HIDClassDevice.o
                                                  obj/CDCClassDevice.o
                                                  obj/AudioClassDevice.o
                                                  obj/DeviceStandardReq.o
                                                  obj/TestAndMeasurement.o
Endpoint_ConfigureEndpointTable                   obj/Endpoint_AVR8.o
                                                  obj/RNDISClassDevice.o
                                                  obj/PrinterClassDevice.o
                                                  obj/MIDIClassDevice.o
                                                  obj/MassStorageClassDevice.o
                                                  obj/HIDClassDevice.o
                                                  obj/CDCClassDevice.o
                                                  obj/CCIDClassDevice.o
                                                  obj/AudioClassDevice.o
Endpoint_ConfigureEndpoint_Prv                    obj/Endpoint_AVR8.o
                                                  obj/USBInterrupt_AVR8.o
                                                  obj/USBController_AVR8.o
                                                  obj/TestAndMeasurement.o
Endpoint_Discard_Stream                           obj/EndpointStream_AVR8.o
                                                  obj/RNDISClassDevice.o
Endpoint_Null_Stream                              obj/EndpointStream_AVR8.o
Endpoint_Read_Control_EStream_BE                  obj/EndpointStream_AVR8.o
Endpoint_Read_Control_EStream_LE                  obj/EndpointStream_AVR8.o
Endpoint_Read_Control_Stream_BE                   obj/EndpointStream_AVR8.o
Endpoint_Read_Control_Stream_LE                   obj/EndpointStream_AVR8.o
                                                  obj/RNDISClassDevice.o
                                                  obj/HIDClassDevice.o
                                                  obj/AudioClassDevice.o
Endpoint_Read_EStream_BE                          obj/EndpointStream_AVR8.o
Endpoint_Read_EStream_LE                          obj/EndpointStream_AVR8.o
Endpoint_Read_Stream_BE                           obj/EndpointStream_AVR8.o
Endpoint_Read_Stream_LE                           obj/EndpointStream_AVR8.o
                                                  obj/RNDISClassDevice.o
                                                  obj/MIDIClassDevice.o
                                                  obj/MassStorageClassDevice.o
                                                  obj/CCIDClassDevice.o
                                                  obj/TestAndMeasurement.o
Endpoint_WaitUntilReady                           obj/Endpoint_AVR8.o
                                                  obj/RNDISClassDevice.o
                                                  obj/PrinterClassDevice.o
                                                  obj/MIDIClassDevice.o
                                                  obj/CDCClassDevice.o
                                                  obj/EndpointStream_AVR8.o
Endpoint_Write_Control_EStream_BE                 obj/EndpointStream_AVR8.o
Endpoint_Write_Control_EStream_LE                 obj/EndpointStream_AVR8.o
                                                  obj/DeviceStandardReq.o
Endpoint_Write_Control_PStream_BE                 obj/EndpointStream_AVR8.o
Endpoint_Write_Control_PStream_LE                 obj/EndpointStream_AVR8.o
                                                  obj/DeviceStandardReq.o
Endpoint_Write_Control_Stream_BE                  obj/EndpointStream_AVR8.o
Endpoint_Write_Control_Stream_LE                  obj/EndpointStream_AVR8.o
                                                  obj/RNDISClassDevice.o
                                                  obj/PrinterClassDevice.o
                                                  obj/HIDClassDevice.o
                                                  obj/AudioClassDevice.o
                                                  obj/DeviceStandardReq.o
                                                  obj/TestAndMeasurement.o
Endpoint_Write_EStream_BE                         obj/EndpointStream_AVR8.o
Endpoint_Write_EStream_LE                         obj/EndpointStream_AVR8.o
Endpoint_Write_PStream_BE                         obj/EndpointStream_AVR8.o
Endpoint_Write_PStream_LE                         obj/EndpointStream_AVR8.o
                                                  obj/CDCClassDevice.o
Endpoint_Write_Stream_BE                          obj/EndpointStream_AVR8.o
Endpoint_Write_Stream_LE                          obj/EndpointStream_AVR8.o
                                                  obj/RNDISClassDevice.o
                                                  obj/PrinterClassDevice.o
                                                  obj/MIDIClassDevice.o
                                                  obj/MassStorageClassDevice.o
                                                  obj/HIDClassDevice.o
                                                  obj/CDCClassDevice.o
                                                  obj/CCIDClassDevice.o
                                                  obj/TestAndMeasurement.o
GetNextMessage                                    obj/TestAndMeasurement.o
HID_Device_ConfigureEndpoints                     obj/HIDClassDevice.o
HID_Device_ProcessControlRequest                  obj/HIDClassDevice.o
HID_Device_USBTask                                obj/HIDClassDevice.o
InternalConfigGet                                 obj/TestAndMeasurement.o
InternalConfigSet                                 obj/TestAndMeasurement.o
Jump_To_Bootloader                                obj/TestAndMeasurement.o
LanguageString                                    obj/Descriptors.o
MIDI_Device_ConfigureEndpoints                    obj/MIDIClassDevice.o
MIDI_Device_Flush                                 obj/MIDIClassDevice.o
MIDI_Device_ReceiveEventPacket                    obj/MIDIClassDevice.o
MIDI_Device_SendEventPacket                       obj/MIDIClassDevice.o
MIDI_Device_USBTask                               obj/MIDIClassDevice.o
MS_Device_ConfigureEndpoints                      obj/MassStorageClassDevice.o
MS_Device_ProcessControlRequest                   obj/MassStorageClassDevice.o
MS_Device_USBTask                                 obj/MassStorageClassDevice.o
ManufacturerString                                obj/Descriptors.o
PRNT_Device_BytesReceived                         obj/PrinterClassDevice.o
PRNT_Device_ConfigureEndpoints                    obj/PrinterClassDevice.o
PRNT_Device_CreateBlockingStream                  obj/PrinterClassDevice.o
PRNT_Device_CreateStream                          obj/PrinterClassDevice.o
PRNT_Device_Event_Stub                            obj/PrinterClassDevice.o
PRNT_Device_Flush                                 obj/PrinterClassDevice.o
PRNT_Device_ProcessControlRequest                 obj/PrinterClassDevice.o
PRNT_Device_ReceiveByte                           obj/PrinterClassDevice.o
PRNT_Device_SendByte                              obj/PrinterClassDevice.o
PRNT_Device_SendData                              obj/PrinterClassDevice.o
PRNT_Device_SendString                            obj/PrinterClassDevice.o
PRNT_Device_USBTask                               obj/PrinterClassDevice.o
ProcessInternalCommand                            obj/TestAndMeasurement.o
ProcessSentMessage                                obj/TestAndMeasurement.o
ProductString                                     obj/Descriptors.o
RNDIS_Device_ConfigureEndpoints                   obj/RNDISClassDevice.o
RNDIS_Device_IsPacketReceived                     obj/RNDISClassDevice.o
RNDIS_Device_ProcessControlRequest                obj/RNDISClassDevice.o
RNDIS_Device_ReadPacket                           obj/RNDISClassDevice.o
RNDIS_Device_SendPacket                           obj/RNDISClassDevice.o
RNDIS_Device_USBTask                              obj/RNDISClassDevice.o
ReadTMCHeader                                     obj/TestAndMeasurement.o
SetupHardware                                     obj/TestAndMeasurement.o
TMC_InLastMessageComplete                         obj/TestAndMeasurement.o
TMC_LastMessageComplete                           obj/TestAndMeasurement.o
TMC_Task                                          obj/TestAndMeasurement.o
TMC_eom                                           obj/TestAndMeasurement.o
TMC_resetstates                                   obj/TestAndMeasurement.o
USB_ControlRequest                                obj/USBTask.o
                                                  obj/RNDISClassDevice.o
                                                  obj/PrinterClassDevice.o
                                                  obj/MassStorageClassDevice.o
                                                  obj/HIDClassDevice.o
                                                  obj/CDCClassDevice.o
                                                  obj/CCIDClassDevice.o
                                                  obj/AudioClassDevice.o
                                                  obj/DeviceStandardReq.o
                                                  obj/Endpoint_AVR8.o
                                                  obj/EndpointStream_AVR8.o
                                                  obj/TestAndMeasurement.o
USB_DeviceState                                   obj/USBTask.o
                                                  obj/RNDISClassDevice.o
                                                  obj/PrinterClassDevice.o
                                                  obj/MIDIClassDevice.o
                                                  obj/MassStorageClassDevice.o
                                                  obj/HIDClassDevice.o
                                                  obj/CDCClassDevice.o
                                                  obj/DeviceStandardReq.o
                                                  obj/USBInterrupt_AVR8.o
                                                  obj/USBController_AVR8.o
                                                  obj/Endpoint_AVR8.o
                                                  obj/EndpointStream_AVR8.o
                                                  obj/TestAndMeasurement.o
USB_Device_ConfigurationNumber                    obj/DeviceStandardReq.o
                                                  obj/USBInterrupt_AVR8.o
                                                  obj/USBController_AVR8.o
USB_Device_CurrentlySelfPowered                   obj/DeviceStandardReq.o
                                                  obj/USBController_AVR8.o
USB_Device_ProcessControlRequest                  obj/DeviceStandardReq.o
                                                  obj/USBTask.o
                                                  obj/USBInterrupt_AVR8.o
USB_Device_RemoteWakeupEnabled                    obj/DeviceStandardReq.o
                                                  obj/USBController_AVR8.o
USB_Device_SendRemoteWakeup                       obj/Device_AVR8.o
USB_Disable                                       obj/USBController_AVR8.o
                                                  obj/TestAndMeasurement.o
USB_Event_Stub                                    obj/Events.o
USB_Event_Stub_2                                  obj/Events.o
USB_Event_Stub_3                                  obj/Events.o
USB_GetHIDReportItemInfo                          obj/HIDParser.o
USB_GetHIDReportSize                              obj/HIDParser.o
USB_GetNextDescriptorComp                         obj/ConfigDescriptors.o
USB_GetNextDescriptorOfType                       obj/ConfigDescriptors.o
USB_GetNextDescriptorOfTypeAfter                  obj/ConfigDescriptors.o
USB_GetNextDescriptorOfTypeBefore                 obj/ConfigDescriptors.o
USB_INT_ClearAllInterrupts                        obj/USBInterrupt_AVR8.o
                                                  obj/USBController_AVR8.o
USB_INT_DisableAllInterrupts                      obj/USBInterrupt_AVR8.o
                                                  obj/USBController_AVR8.o
USB_Init                                          obj/USBController_AVR8.o
                                                  obj/TestAndMeasurement.o
USB_IsInitialized                                 obj/USBTask.o
                                                  obj/USBController_AVR8.o
USB_ProcessHIDReport                              obj/HIDParser.o
USB_ResetInterface                                obj/USBController_AVR8.o
USB_SetHIDReportItemInfo                          obj/HIDParser.o
USB_USBTask                                       obj/USBTask.o
                                                  obj/PrinterClassDevice.o
                                                  obj/CDCClassDevice.o
                                                  obj/TestAndMeasurement.o
WriteTMCHeader                                    obj/TestAndMeasurement.o
__DATA_REGION_LENGTH__                            /usr/lib/gcc/avr/5.4.0/../../../avr/lib/avr5/crtatmega32u4.o
__DATA_REGION_ORIGIN__                            /usr/lib/gcc/avr/5.4.0/../../../avr/lib/avr5/crtatmega32u4.o
__EEPROM_REGION_LENGTH__                          /usr/lib/gcc/avr/5.4.0/../../../avr/lib/avr5/crtatmega32u4.o
__FUSE_REGION_LENGTH__                            /usr/lib/gcc/avr/5.4.0/../../../avr/lib/avr5/crtatmega32u4.o
__TEXT_REGION_LENGTH__                            /usr/lib/gcc/avr/5.4.0/../../../avr/lib/avr5/crtatmega32u4.o
__bad_interrupt                                   /usr/lib/gcc/avr/5.4.0/../../../avr/lib/avr5/crtatmega32u4.o
__bss_end                                         /usr/lib/gcc/avr/5.4.0/avr5/libgcc.a(_clear_bss.o)
__bss_start                                       /usr/lib/gcc/avr/5.4.0/avr5/libgcc.a(_clear_bss.o)
__data_end                                        /usr/lib/gcc/avr/5.4.0/avr5/libgcc.a(_copy_data.o)
__data_load_start                                 /usr/lib/gcc/avr/5.4.0/avr5/libgcc.a(_copy_data.o)
__data_start                                      /usr/lib/gcc/avr/5.4.0/avr5/libgcc.a(_copy_data.o)
__do_clear_bss                                    /usr/lib/gcc/avr/5.4.0/avr5/libgcc.a(_clear_bss.o)
                                                  obj/USBTask.o
                                                  obj/DeviceStandardReq.o
                                                  obj/gpib.o
                                                  obj/Descriptors.o
                                                  obj/TestAndMeasurement.o
__do_copy_data                                    /usr/lib/gcc/avr/5.4.0/avr5/libgcc.a(_copy_data.o)
                                                  obj/RNDISClassDevice.o
                                                  obj/CDCClassDevice.o
                                                  obj/TestAndMeasurement.o
__heap_end                                        /usr/lib/gcc/avr/5.4.0/../../../avr/lib/avr5/crtatmega32u4.o
__init                                            /usr/lib/gcc/avr/5.4.0/../../../avr/lib/avr5/crtatmega32u4.o
__stack                                           /usr/lib/gcc/avr/5.4.0/../../../avr/lib/avr5/crtatmega32u4.o
__strlen_P                                        /usr/lib/gcc/avr/5.4.0/../../../avr/lib/avr5/libc.a(strlen_P.o)
                                                  obj/CDCClassDevice.o
__udivmodqi4                                      /usr/lib/gcc/avr/5.4.0/avr5/libgcc.a(_udivmodqi4.o)
                                                  obj/TestAndMeasurement.o
__vector_1                                        /usr/lib/gcc/avr/5.4.0/../../../avr/lib/avr5/crtatmega32u4.o
__vector_10                                       obj/USBInterrupt_AVR8.o
                                                  /usr/lib/gcc/avr/5.4.0/../../../avr/lib/avr5/crtatmega32u4.o
__vector_11                                       obj/USBInterrupt_AVR8.o
                                                  /usr/lib/gcc/avr/5.4.0/../../../avr/lib/avr5/crtatmega32u4.o
__vector_12                                       /usr/lib/gcc/avr/5.4.0/../../../avr/lib/avr5/crtatmega32u4.o
__vector_13                                       /usr/lib/gcc/avr/5.4.0/../../../avr/lib/avr5/crtatmega32u4.o
__vector_14                                       /usr/lib/gcc/avr/5.4.0/../../../avr/lib/avr5/crtatmega32u4.o
__vector_15                                       /usr/lib/gcc/avr/5.4.0/../../../avr/lib/avr5/crtatmega32u4.o
__vector_16                                       /usr/lib/gcc/avr/5.4.0/../../../avr/lib/avr5/crtatmega32u4.o
__vector_17                                       /usr/lib/gcc/avr/5.4.0/../../../avr/lib/avr5/crtatmega32u4.o
__vector_18                                       /usr/lib/gcc/avr/5.4.0/../../../avr/lib/avr5/crtatmega32u4.o
__vector_19                                       /usr/lib/gcc/avr/5.4.0/../../../avr/lib/avr5/crtatmega32u4.o
__vector_2                                        /usr/lib/gcc/avr/5.4.0/../../../avr/lib/avr5/crtatmega32u4.o
__vector_20                                       /usr/lib/gcc/avr/5.4.0/../../../avr/lib/avr5/crtatmega32u4.o
__vector_21                                       /usr/lib/gcc/avr/5.4.0/../../../avr/lib/avr5/crtatmega32u4.o
__vector_22                                       /usr/lib/gcc/avr/5.4.0/../../../avr/lib/avr5/crtatmega32u4.o
__vector_23                                       obj/gpib.o
                                                  /usr/lib/gcc/avr/5.4.0/../../../avr/lib/avr5/crtatmega32u4.o
__vector_24                                       /usr/lib/gcc/avr/5.4.0/../../../avr/lib/avr5/crtatmega32u4.o
__vector_25                                       /usr/lib/gcc/avr/5.4.0/../../../avr/lib/avr5/crtatmega32u4.o
__vector_26                                       /usr/lib/gcc/avr/5.4.0/../../../avr/lib/avr5/crtatmega32u4.o
__vector_27                                       /usr/lib/gcc/avr/5.4.0/../../../avr/lib/avr5/crtatmega32u4.o
__vector_28                                       /usr/lib/gcc/avr/5.4.0/../../../avr/lib/avr5/crtatmega32u4.o
__vector_29                                       /usr/lib/gcc/avr/5.4.0/../../../avr/lib/avr5/crtatmega32u4.o
__vector_3                                        /usr/lib/gcc/avr/5.4.0/../../../avr/lib/avr5/crtatmega32u4.o
__vector_30                                       /usr/lib/gcc/avr/5.4.0/../../../avr/lib/avr5/crtatmega32u4.o
__vector_31                                       /usr/lib/gcc/avr/5.4.0/../../../avr/lib/avr5/crtatmega32u4.o
__vector_32                                       /usr/lib/gcc/avr/5.4.0/../../../avr/lib/avr5/crtatmega32u4.o
__vector_33                                       /usr/lib/gcc/avr/5.4.0/../../../avr/lib/avr5/crtatmega32u4.o
__vector_34                                       /usr/lib/gcc/avr/5.4.0/../../../avr/lib/avr5/crtatmega32u4.o
__vector_35                                       /usr/lib/gcc/avr/5.4.0/../../../avr/lib/avr5/crtatmega32u4.o
__vector_36                                       /usr/lib/gcc/avr/5.4.0/../../../avr/lib/avr5/crtatmega32u4.o
__vector_37                                       /usr/lib/gcc/avr/5.4.0/../../../avr/lib/avr5/crtatmega32u4.o
__vector_38                                       /usr/lib/gcc/avr/5.4.0/../../../avr/lib/avr5/crtatmega32u4.o
__vector_39                                       /usr/lib/gcc/avr/5.4.0/../../../avr/lib/avr5/crtatmega32u4.o
__vector_4                                        /usr/lib/gcc/avr/5.4.0/../../../avr/lib/avr5/crtatmega32u4.o
__vector_40                                       /usr/lib/gcc/avr/5.4.0/../../../avr/lib/avr5/crtatmega32u4.o
__vector_41                                       /usr/lib/gcc/avr/5.4.0/../../../avr/lib/avr5/crtatmega32u4.o
__vector_42                                       /usr/lib/gcc/avr/5.4.0/../../../avr/lib/avr5/crtatmega32u4.o
__vector_5                                        /usr/lib/gcc/avr/5.4.0/../../../avr/lib/avr5/crtatmega32u4.o
__vector_6                                        /usr/lib/gcc/avr/5.4.0/../../../avr/lib/avr5/crtatmega32u4.o
__vector_7                                        /usr/lib/gcc/avr/5.4.0/../../../avr/lib/avr5/crtatmega32u4.o
__vector_8                                        /usr/lib/gcc/avr/5.4.0/../../../avr/lib/avr5/crtatmega32u4.o
__vector_9                                        /usr/lib/gcc/avr/5.4.0/../../../avr/lib/avr5/crtatmega32u4.o
__vector_default                                  /usr/lib/gcc/avr/5.4.0/../../../avr/lib/avr5/crtatmega32u4.o
__vectors                                         /usr/lib/gcc/avr/5.4.0/../../../avr/lib/avr5/crtatmega32u4.o
_exit                                             /usr/lib/gcc/avr/5.4.0/avr5/libgcc.a(_exit.o)
check_bootloaderEntry                             obj/TestAndMeasurement.o
cnt                                               obj/TestAndMeasurement.o
dbg                                               obj/TestAndMeasurement.o
eeprom_read_byte                                  /usr/lib/gcc/avr/5.4.0/../../../avr/lib/avr5/libatmega32u4.a(eerd_byte.o)
                                                  obj/EndpointStream_AVR8.o
                                                  obj/TestAndMeasurement.o
eeprom_update_byte                                /usr/lib/gcc/avr/5.4.0/../../../avr/lib/avr5/libatmega32u4.a(eeupd_byte.o)
                                                  obj/EndpointStream_AVR8.o
eeprom_update_if_changed                          obj/TestAndMeasurement.o
eeprom_update_r18                                 /usr/lib/gcc/avr/5.4.0/../../../avr/lib/avr5/libatmega32u4.a(eeupd_byte.o)
eeprom_write_byte                                 /usr/lib/gcc/avr/5.4.0/../../../avr/lib/avr5/libatmega32u4.a(eewr_byte.o)
                                                  obj/TestAndMeasurement.o
eeprom_write_r18                                  /usr/lib/gcc/avr/5.4.0/../../../avr/lib/avr5/libatmega32u4.a(eewr_byte.o)
exit                                              /usr/lib/gcc/avr/5.4.0/avr5/libgcc.a(_exit.o)
                                                  /usr/lib/gcc/avr/5.4.0/../../../avr/lib/avr5/crtatmega32u4.o
findGpibdevice                                    obj/TestAndMeasurement.o
gpib_gotoLocal                                    obj/gpib.o
                                                  obj/TestAndMeasurement.o
gpib_init                                         obj/gpib.o
                                                  obj/TestAndMeasurement.o
gpib_interface_clear                              obj/gpib.o
                                                  obj/TestAndMeasurement.o
gpib_is_connected                                 obj/gpib.o
                                                  obj/TestAndMeasurement.o
gpib_localLockout                                 obj/gpib.o
                                                  obj/TestAndMeasurement.o
gpib_make_listener                                obj/gpib.o
                                                  obj/TestAndMeasurement.o
gpib_make_talker                                  obj/gpib.o
                                                  obj/TestAndMeasurement.o
gpib_readStatusByte                               obj/gpib.o
                                                  obj/TestAndMeasurement.o
gpib_readdat                                      obj/gpib.o
                                                  obj/TestAndMeasurement.o
gpib_ren                                          obj/gpib.o
                                                  obj/TestAndMeasurement.o
gpib_search                                       obj/gpib.o
                                                  obj/TestAndMeasurement.o
gpib_set_readtermination                          obj/gpib.o
                                                  obj/TestAndMeasurement.o
gpib_trigger                                      obj/gpib.o
                                                  obj/TestAndMeasurement.o
gpib_untalk_unlisten                              obj/gpib.o
                                                  obj/TestAndMeasurement.o
gpib_writedat                                     obj/gpib.o
                                                  obj/TestAndMeasurement.o
identifyGpibDevice                                obj/TestAndMeasurement.o
is_timedout                                       obj/TestAndMeasurement.o
main                                              obj/TestAndMeasurement.o
                                                  /usr/lib/gcc/avr/5.4.0/../../../avr/lib/avr5/crtatmega32u4.o
memcmp                                            /usr/lib/gcc/avr/5.4.0/../../../avr/lib/avr5/libc.a(memcmp.o)
                                                  obj/HIDClassDevice.o
memcpy                                            /usr/lib/gcc/avr/5.4.0/../../../avr/lib/avr5/libc.a(memcpy.o)
                                                  obj/RNDISClassDevice.o
                                                  obj/HIDClassDevice.o
                                                  obj/TestAndMeasurement.o
memcpy_P                                          /usr/lib/gcc/avr/5.4.0/../../../avr/lib/avr5/libc.a(memcpy_P.o)
                                                  obj/RNDISClassDevice.o
memset                                            /usr/lib/gcc/avr/5.4.0/../../../avr/lib/avr5/libc.a(memset.o)
                                                  obj/HIDClassDevice.o
timeout_start                                     obj/TestAndMeasurement.o
timeout_val                                       obj/TestAndMeasurement.o
tmc_gpib_read_timedout                            obj/TestAndMeasurement.o
tmc_gpib_write_timedout                           obj/TestAndMeasurement.o
tmc_serial_string                                 obj/Descriptors.o
                                                  obj/TestAndMeasurement.o
useResponseAsSn                                   obj/TestAndMeasurement.o
